=== RUN   TestBrowserBridgeLatency
    browser_integration_test.go:71: [Iteration 1] Latency: 520.6µs
    browser_integration_test.go:71: [Iteration 2] Latency: 0s
    browser_integration_test.go:71: [Iteration 3] Latency: 0s
    browser_integration_test.go:71: [Iteration 4] Latency: 0s
    browser_integration_test.go:71: [Iteration 5] Latency: 0s
    browser_integration_test.go:79: Average Turn-Around Time: 104.12µs
--- PASS: TestBrowserBridgeLatency (0.00s)
=== RUN   TestConfigMigration_LegacyToUnified
2026/02/18 12:53:58 config_migrations.go:63: Migration: Adding missing Favorites query to configuration.
2026/02/18 12:53:58 config_migrations.go:128: Migrating legacy queries to unified list...
2026/02/18 12:53:58 config_migrations.go:216: Migration: Updating query ID for Wallhaven: 7934f5e38db072b2 -> 5a9fff5a01e8a7b0
2026/02/18 12:53:58 config_migrations.go:216: Migration: Updating query ID for Unsplash: bc81a9091dcf52f8 -> 0ba237e6fb3b639c
--- PASS: TestConfigMigration_LegacyToUnified (0.01s)
=== RUN   TestGetConfig_Defaults
2026/02/18 12:53:58 config_migrations.go:63: Migration: Adding missing Favorites query to configuration.
2026/02/18 12:53:58 config_migrations.go:193: Migration: Pruning stale Favorites query: d3f6168df579adf5
2026/02/18 12:53:58 config_migrations.go:216: Migration: Updating query ID for Wikimedia: 9fc4dfc7bec4bfef -> 171476e9ef61bf61
2026/02/18 12:53:58 config_migrations.go:216: Migration: Updating query ID for MetMuseum: 1af8a9b1bde8746f -> c8c71a3d82e22e53
2026/02/18 12:53:58 config_migrations.go:216: Migration: Updating query ID for ArtInstituteChicago: cc828506342aa6ce -> be97336e378051fc
2026/02/18 12:53:58 config_migrations.go:216: Migration: Updating query ID for Wallhaven: c8f866a2289a51fc -> 8fe4b61069a9d4da
2026/02/18 12:53:58 config_migrations.go:216: Migration: Updating query ID for Wallhaven: 66390310e09f0e61 -> 0547686c1bfe3157
--- PASS: TestGetConfig_Defaults (0.00s)
=== RUN   TestQueryManagement
2026/02/18 12:53:58 config_migrations.go:63: Migration: Adding missing Favorites query to configuration.
2026/02/18 12:53:58 config_migrations.go:193: Migration: Pruning stale Favorites query: d3f6168df579adf5
2026/02/18 12:53:58 config_migrations.go:216: Migration: Updating query ID for Wikimedia: 9fc4dfc7bec4bfef -> 171476e9ef61bf61
2026/02/18 12:53:58 config_migrations.go:216: Migration: Updating query ID for MetMuseum: 1af8a9b1bde8746f -> c8c71a3d82e22e53
2026/02/18 12:53:58 config_migrations.go:216: Migration: Updating query ID for ArtInstituteChicago: cc828506342aa6ce -> be97336e378051fc
2026/02/18 12:53:58 config_migrations.go:216: Migration: Updating query ID for Wallhaven: c8f866a2289a51fc -> 8fe4b61069a9d4da
2026/02/18 12:53:58 config_migrations.go:216: Migration: Updating query ID for Wallhaven: 66390310e09f0e61 -> 0547686c1bfe3157
--- PASS: TestQueryManagement (0.00s)
=== RUN   TestConfigPreferences
2026/02/18 12:53:58 config_migrations.go:63: Migration: Adding missing Favorites query to configuration.
2026/02/18 12:53:58 config_migrations.go:193: Migration: Pruning stale Favorites query: d3f6168df579adf5
2026/02/18 12:53:58 config_migrations.go:216: Migration: Updating query ID for Wikimedia: 9fc4dfc7bec4bfef -> 171476e9ef61bf61
2026/02/18 12:53:58 config_migrations.go:216: Migration: Updating query ID for MetMuseum: 1af8a9b1bde8746f -> c8c71a3d82e22e53
2026/02/18 12:53:58 config_migrations.go:216: Migration: Updating query ID for ArtInstituteChicago: cc828506342aa6ce -> be97336e378051fc
2026/02/18 12:53:58 config_migrations.go:216: Migration: Updating query ID for Wallhaven: c8f866a2289a51fc -> 8fe4b61069a9d4da
2026/02/18 12:53:58 config_migrations.go:216: Migration: Updating query ID for Wallhaven: 66390310e09f0e61 -> 0547686c1bfe3157
--- PASS: TestConfigPreferences (0.00s)
=== RUN   TestAvoidSet
2026/02/18 12:53:58 config_migrations.go:63: Migration: Adding missing Favorites query to configuration.
2026/02/18 12:53:58 config_migrations.go:193: Migration: Pruning stale Favorites query: d3f6168df579adf5
2026/02/18 12:53:58 config_migrations.go:216: Migration: Updating query ID for Wikimedia: 9fc4dfc7bec4bfef -> 171476e9ef61bf61
2026/02/18 12:53:58 config_migrations.go:216: Migration: Updating query ID for MetMuseum: 1af8a9b1bde8746f -> c8c71a3d82e22e53
2026/02/18 12:53:58 config_migrations.go:216: Migration: Updating query ID for ArtInstituteChicago: cc828506342aa6ce -> be97336e378051fc
2026/02/18 12:53:58 config_migrations.go:216: Migration: Updating query ID for Wallhaven: c8f866a2289a51fc -> 8fe4b61069a9d4da
2026/02/18 12:53:58 config_migrations.go:216: Migration: Updating query ID for Wallhaven: 66390310e09f0e61 -> 0547686c1bfe3157
--- PASS: TestAvoidSet (0.00s)
=== RUN   TestRegressionSuite
=== RUN   TestRegressionSuite/10154.jpg
2026/02/18 12:53:58 config_migrations.go:63: Migration: Adding missing Favorites query to configuration.
2026/02/18 12:53:58 config_migrations.go:193: Migration: Pruning stale Favorites query: d3f6168df579adf5
2026/02/18 12:53:58 config_migrations.go:216: Migration: Updating query ID for Wikimedia: 9fc4dfc7bec4bfef -> 171476e9ef61bf61
2026/02/18 12:53:58 config_migrations.go:216: Migration: Updating query ID for MetMuseum: 1af8a9b1bde8746f -> c8c71a3d82e22e53
2026/02/18 12:53:58 config_migrations.go:216: Migration: Updating query ID for ArtInstituteChicago: cc828506342aa6ce -> be97336e378051fc
2026/02/18 12:53:58 config_migrations.go:216: Migration: Updating query ID for Wallhaven: c8f866a2289a51fc -> 8fe4b61069a9d4da
2026/02/18 12:53:58 config_migrations.go:216: Migration: Updating query ID for Wallhaven: 66390310e09f0e61 -> 0547686c1bfe3157

--- Analyzing: testdata\regressions\10154.jpg ---
Dimensions: (0,0)-(3811,2284)
Energy: 0.2611 (Threshold: 0.0500)
No Face Found: no face found
2026/02/18 12:54:00 smart_image_processor.go:185: [DEBUG] SmartFit [Flexibility]: Check (Src: 3811x2284, Tgt: 1920x1080, Surplus: 1.98, DynamicThreshold: 1.50, Diff: 0.11)
2026/02/18 12:54:03 smart_image_processor.go:246: [DEBUG] Face Logic: no face found
2026/02/18 12:54:03 crop_strategies.go:68: [DEBUG] SmartFit: Using Entropy Crop.
2026/02/18 12:54:03 crop_strategies.go:119: [DEBUG] SmartFit [Flexibility]: Relaxing Slack Guard for High Energy (0.2611)
2026/02/18 12:54:03 smart_image_processor.go:557: [DEBUG] Smart Pan: ImgBounds (0,0)-(3811,2284), TargetAspect 1.78, SmartCenter (1941,962)
2026/02/18 12:54:03 smart_image_processor.go:558: [DEBUG] Smart Pan: Calculated Max Crop 3811x2143
2026/02/18 12:54:03 smart_image_processor.go:559: [DEBUG] Smart Pan: Final Crop (0,0)-(3811,2143) (Size: 3811x2143)
Result Bounds: (0,0)-(1920,1080)
=== RUN   TestRegressionSuite/10159.jpg
2026/02/18 12:54:03 config_migrations.go:63: Migration: Adding missing Favorites query to configuration.
2026/02/18 12:54:03 config_migrations.go:193: Migration: Pruning stale Favorites query: d3f6168df579adf5
2026/02/18 12:54:03 config_migrations.go:216: Migration: Updating query ID for Wikimedia: 9fc4dfc7bec4bfef -> 171476e9ef61bf61
2026/02/18 12:54:03 config_migrations.go:216: Migration: Updating query ID for MetMuseum: 1af8a9b1bde8746f -> c8c71a3d82e22e53
2026/02/18 12:54:03 config_migrations.go:216: Migration: Updating query ID for ArtInstituteChicago: cc828506342aa6ce -> be97336e378051fc
2026/02/18 12:54:03 config_migrations.go:216: Migration: Updating query ID for Wallhaven: c8f866a2289a51fc -> 8fe4b61069a9d4da
2026/02/18 12:54:03 config_migrations.go:216: Migration: Updating query ID for Wallhaven: 66390310e09f0e61 -> 0547686c1bfe3157

--- Analyzing: testdata\regressions\10159.jpg ---
Dimensions: (0,0)-(3811,3049)
Energy: 0.2499 (Threshold: 0.0500)
No Face Found: no face found
2026/02/18 12:54:04 smart_image_processor.go:185: [DEBUG] SmartFit [Flexibility]: Check (Src: 3811x3049, Tgt: 1920x1080, Surplus: 1.98, DynamicThreshold: 1.50, Diff: 0.53)
2026/02/18 12:54:06 smart_image_processor.go:246: [DEBUG] Face Logic: no face found
2026/02/18 12:54:06 crop_strategies.go:68: [DEBUG] SmartFit: Using Entropy Crop.
2026/02/18 12:54:06 crop_strategies.go:119: [DEBUG] SmartFit [Flexibility]: Relaxing Slack Guard for High Energy (0.2499)
2026/02/18 12:54:06 smart_image_processor.go:557: [DEBUG] Smart Pan: ImgBounds (0,0)-(3811,3049), TargetAspect 1.78, SmartCenter (2076,2057)
2026/02/18 12:54:06 smart_image_processor.go:558: [DEBUG] Smart Pan: Calculated Max Crop 3811x2143
2026/02/18 12:54:06 smart_image_processor.go:559: [DEBUG] Smart Pan: Final Crop (0,906)-(3811,3049) (Size: 3811x2143)
Result Bounds: (0,0)-(1920,1080)
=== RUN   TestRegressionSuite/10497.jpg
2026/02/18 12:54:06 config_migrations.go:63: Migration: Adding missing Favorites query to configuration.
2026/02/18 12:54:06 config_migrations.go:193: Migration: Pruning stale Favorites query: d3f6168df579adf5
2026/02/18 12:54:06 config_migrations.go:216: Migration: Updating query ID for Wikimedia: 9fc4dfc7bec4bfef -> 171476e9ef61bf61
2026/02/18 12:54:06 config_migrations.go:216: Migration: Updating query ID for MetMuseum: 1af8a9b1bde8746f -> c8c71a3d82e22e53
2026/02/18 12:54:06 config_migrations.go:216: Migration: Updating query ID for ArtInstituteChicago: cc828506342aa6ce -> be97336e378051fc
2026/02/18 12:54:06 config_migrations.go:216: Migration: Updating query ID for Wallhaven: c8f866a2289a51fc -> 8fe4b61069a9d4da
2026/02/18 12:54:06 config_migrations.go:216: Migration: Updating query ID for Wallhaven: 66390310e09f0e61 -> 0547686c1bfe3157

--- Analyzing: testdata\regressions\10497.jpg ---
Dimensions: (0,0)-(4000,2733)
Energy: 0.1881 (Threshold: 0.0500)
No Face Found: no face found
2026/02/18 12:54:08 smart_image_processor.go:185: [DEBUG] SmartFit [Flexibility]: Check (Src: 4000x2733, Tgt: 1920x1080, Surplus: 2.08, DynamicThreshold: 1.50, Diff: 0.31)
2026/02/18 12:54:10 smart_image_processor.go:246: [DEBUG] Face Logic: no face found
2026/02/18 12:54:10 crop_strategies.go:68: [DEBUG] SmartFit: Using Entropy Crop.
2026/02/18 12:54:10 crop_strategies.go:94: [DEBUG] SmartFit [Flexibility]: Feet Guard Triggered. Fallback to Center.
2026/02/18 12:54:10 smart_image_processor.go:557: [DEBUG] Smart Pan: ImgBounds (0,0)-(4000,2733), TargetAspect 1.78, SmartCenter (2000,1366)
2026/02/18 12:54:10 smart_image_processor.go:558: [DEBUG] Smart Pan: Calculated Max Crop 4000x2250
2026/02/18 12:54:10 smart_image_processor.go:559: [DEBUG] Smart Pan: Final Crop (0,241)-(4000,2491) (Size: 4000x2250)
Result Bounds: (0,0)-(1920,1080)
=== RUN   TestRegressionSuite/10826.jpg
2026/02/18 12:54:10 config_migrations.go:63: Migration: Adding missing Favorites query to configuration.
2026/02/18 12:54:10 config_migrations.go:193: Migration: Pruning stale Favorites query: d3f6168df579adf5
2026/02/18 12:54:10 config_migrations.go:216: Migration: Updating query ID for Wikimedia: 9fc4dfc7bec4bfef -> 171476e9ef61bf61
2026/02/18 12:54:10 config_migrations.go:216: Migration: Updating query ID for MetMuseum: 1af8a9b1bde8746f -> c8c71a3d82e22e53
2026/02/18 12:54:10 config_migrations.go:216: Migration: Updating query ID for ArtInstituteChicago: cc828506342aa6ce -> be97336e378051fc
2026/02/18 12:54:10 config_migrations.go:216: Migration: Updating query ID for Wallhaven: c8f866a2289a51fc -> 8fe4b61069a9d4da
2026/02/18 12:54:10 config_migrations.go:216: Migration: Updating query ID for Wallhaven: 66390310e09f0e61 -> 0547686c1bfe3157

--- Analyzing: testdata\regressions\10826.jpg ---
Dimensions: (0,0)-(2458,1677)
Energy: 0.1611 (Threshold: 0.0500)
No Face Found: no face found
2026/02/18 12:54:13 smart_image_processor.go:185: [DEBUG] SmartFit [Flexibility]: Check (Src: 2458x1677, Tgt: 1920x1080, Surplus: 1.28, DynamicThreshold: 1.50, Diff: 0.31)
2026/02/18 12:54:15 smart_image_processor.go:246: [DEBUG] Face Logic: no face found
2026/02/18 12:54:15 crop_strategies.go:68: [DEBUG] SmartFit: Using Entropy Crop.
2026/02/18 12:54:15 crop_strategies.go:94: [DEBUG] SmartFit [Flexibility]: Feet Guard Triggered. Fallback to Center.
2026/02/18 12:54:15 smart_image_processor.go:557: [DEBUG] Smart Pan: ImgBounds (0,0)-(2458,1677), TargetAspect 1.78, SmartCenter (1229,838)
2026/02/18 12:54:15 smart_image_processor.go:558: [DEBUG] Smart Pan: Calculated Max Crop 2458x1382
2026/02/18 12:54:15 smart_image_processor.go:559: [DEBUG] Smart Pan: Final Crop (0,147)-(2458,1529) (Size: 2458x1382)
Result Bounds: (0,0)-(1920,1080)
=== RUN   TestRegressionSuite/11122.jpg
2026/02/18 12:54:16 config_migrations.go:63: Migration: Adding missing Favorites query to configuration.
2026/02/18 12:54:16 config_migrations.go:193: Migration: Pruning stale Favorites query: d3f6168df579adf5
2026/02/18 12:54:16 config_migrations.go:216: Migration: Updating query ID for Wikimedia: 9fc4dfc7bec4bfef -> 171476e9ef61bf61
2026/02/18 12:54:16 config_migrations.go:216: Migration: Updating query ID for MetMuseum: 1af8a9b1bde8746f -> c8c71a3d82e22e53
2026/02/18 12:54:16 config_migrations.go:216: Migration: Updating query ID for ArtInstituteChicago: cc828506342aa6ce -> be97336e378051fc
2026/02/18 12:54:16 config_migrations.go:216: Migration: Updating query ID for Wallhaven: c8f866a2289a51fc -> 8fe4b61069a9d4da
2026/02/18 12:54:16 config_migrations.go:216: Migration: Updating query ID for Wallhaven: 66390310e09f0e61 -> 0547686c1bfe3157

--- Analyzing: testdata\regressions\11122.jpg ---
Dimensions: (0,0)-(4000,2468)
Energy: 0.1755 (Threshold: 0.0500)
No Face Found: no face found
2026/02/18 12:54:18 smart_image_processor.go:185: [DEBUG] SmartFit [Flexibility]: Check (Src: 4000x2468, Tgt: 1920x1080, Surplus: 2.08, DynamicThreshold: 1.50, Diff: 0.16)
2026/02/18 12:54:20 smart_image_processor.go:246: [DEBUG] Face Logic: no face found
2026/02/18 12:54:20 crop_strategies.go:68: [DEBUG] SmartFit: Using Entropy Crop.
2026/02/18 12:54:20 smart_image_processor.go:557: [DEBUG] Smart Pan: ImgBounds (0,0)-(4000,2468), TargetAspect 1.78, SmartCenter (1999,1122)
2026/02/18 12:54:20 smart_image_processor.go:558: [DEBUG] Smart Pan: Calculated Max Crop 4000x2250
2026/02/18 12:54:20 smart_image_processor.go:559: [DEBUG] Smart Pan: Final Crop (0,0)-(4000,2250) (Size: 4000x2250)
Result Bounds: (0,0)-(1920,1080)
=== RUN   TestRegressionSuite/11313.jpg
2026/02/18 12:54:20 config_migrations.go:63: Migration: Adding missing Favorites query to configuration.
2026/02/18 12:54:20 config_migrations.go:193: Migration: Pruning stale Favorites query: d3f6168df579adf5
2026/02/18 12:54:20 config_migrations.go:216: Migration: Updating query ID for Wikimedia: 9fc4dfc7bec4bfef -> 171476e9ef61bf61
2026/02/18 12:54:20 config_migrations.go:216: Migration: Updating query ID for MetMuseum: 1af8a9b1bde8746f -> c8c71a3d82e22e53
2026/02/18 12:54:20 config_migrations.go:216: Migration: Updating query ID for ArtInstituteChicago: cc828506342aa6ce -> be97336e378051fc
2026/02/18 12:54:20 config_migrations.go:216: Migration: Updating query ID for Wallhaven: c8f866a2289a51fc -> 8fe4b61069a9d4da
2026/02/18 12:54:20 config_migrations.go:216: Migration: Updating query ID for Wallhaven: 66390310e09f0e61 -> 0547686c1bfe3157

--- Analyzing: testdata\regressions\11313.jpg ---
Dimensions: (0,0)-(2331,1491)
Energy: 0.2530 (Threshold: 0.0500)
No Face Found: no face found
2026/02/18 12:54:23 smart_image_processor.go:185: [DEBUG] SmartFit [Flexibility]: Check (Src: 2331x1491, Tgt: 1920x1080, Surplus: 1.21, DynamicThreshold: 1.50, Diff: 0.21)
2026/02/18 12:54:26 smart_image_processor.go:246: [DEBUG] Face Logic: no face found
2026/02/18 12:54:26 crop_strategies.go:68: [DEBUG] SmartFit: Using Entropy Crop.
2026/02/18 12:54:26 crop_strategies.go:119: [DEBUG] SmartFit [Flexibility]: Relaxing Slack Guard for High Energy (0.2530)
2026/02/18 12:54:26 smart_image_processor.go:557: [DEBUG] Smart Pan: ImgBounds (0,0)-(2331,1491), TargetAspect 1.78, SmartCenter (1164,654)
2026/02/18 12:54:26 smart_image_processor.go:558: [DEBUG] Smart Pan: Calculated Max Crop 2331x1311
2026/02/18 12:54:26 smart_image_processor.go:559: [DEBUG] Smart Pan: Final Crop (0,0)-(2331,1311) (Size: 2331x1311)
Result Bounds: (0,0)-(1920,1080)
=== RUN   TestRegressionSuite/11417.jpg
2026/02/18 12:54:26 config_migrations.go:63: Migration: Adding missing Favorites query to configuration.
2026/02/18 12:54:26 config_migrations.go:193: Migration: Pruning stale Favorites query: d3f6168df579adf5
2026/02/18 12:54:26 config_migrations.go:216: Migration: Updating query ID for Wikimedia: 9fc4dfc7bec4bfef -> 171476e9ef61bf61
2026/02/18 12:54:26 config_migrations.go:216: Migration: Updating query ID for MetMuseum: 1af8a9b1bde8746f -> c8c71a3d82e22e53
2026/02/18 12:54:26 config_migrations.go:216: Migration: Updating query ID for ArtInstituteChicago: cc828506342aa6ce -> be97336e378051fc
2026/02/18 12:54:26 config_migrations.go:216: Migration: Updating query ID for Wallhaven: c8f866a2289a51fc -> 8fe4b61069a9d4da
2026/02/18 12:54:26 config_migrations.go:216: Migration: Updating query ID for Wallhaven: 66390310e09f0e61 -> 0547686c1bfe3157

--- Analyzing: testdata\regressions\11417.jpg ---
Dimensions: (0,0)-(1937,1135)
Energy: 0.1871 (Threshold: 0.0500)
Face Found: (504,657)-(588,741) (Q: 21.01)
2026/02/18 12:54:28 smart_image_processor.go:185: [DEBUG] SmartFit [Flexibility]: Check (Src: 1937x1135, Tgt: 1920x1080, Surplus: 1.01, DynamicThreshold: 1.50, Diff: 0.07)
2026/02/18 12:54:29 smart_image_processor.go:277: [DEBUG] Face Logic: Found face (Q:21.0)
2026/02/18 12:54:29 crop_strategies.go:30: [DEBUG] Face Logic: Hard Crop Clean (Rect: (0,46)-(1937,1135))
Result Bounds: (0,0)-(1920,1080)
=== RUN   TestRegressionSuite/435702.jpg
2026/02/18 12:54:30 config_migrations.go:63: Migration: Adding missing Favorites query to configuration.
2026/02/18 12:54:30 config_migrations.go:193: Migration: Pruning stale Favorites query: d3f6168df579adf5
2026/02/18 12:54:30 config_migrations.go:216: Migration: Updating query ID for Wikimedia: 9fc4dfc7bec4bfef -> 171476e9ef61bf61
2026/02/18 12:54:30 config_migrations.go:216: Migration: Updating query ID for MetMuseum: 1af8a9b1bde8746f -> c8c71a3d82e22e53
2026/02/18 12:54:30 config_migrations.go:216: Migration: Updating query ID for ArtInstituteChicago: cc828506342aa6ce -> be97336e378051fc
2026/02/18 12:54:30 config_migrations.go:216: Migration: Updating query ID for Wallhaven: c8f866a2289a51fc -> 8fe4b61069a9d4da
2026/02/18 12:54:30 config_migrations.go:216: Migration: Updating query ID for Wallhaven: 66390310e09f0e61 -> 0547686c1bfe3157

--- Analyzing: testdata\regressions\435702.jpg ---
Dimensions: (0,0)-(4000,2043)
Energy: 0.1370 (Threshold: 0.0500)
Face Found: (2087,979)-(2189,1081) (Q: 12.44)
2026/02/18 12:54:32 smart_image_processor.go:185: [DEBUG] SmartFit [Flexibility]: Check (Src: 4000x2043, Tgt: 1920x1080, Surplus: 1.89, DynamicThreshold: 1.50, Diff: 0.18)
2026/02/18 12:54:35 smart_image_processor.go:277: [DEBUG] Face Logic: Found face (Q:12.4)
2026/02/18 12:54:35 crop_strategies.go:30: [DEBUG] Face Logic: Hard Crop Clean (Rect: (322,0)-(3954,2043))
Result Bounds: (0,0)-(1920,1080)
=== RUN   TestRegressionSuite/435809.jpg
2026/02/18 12:54:35 config_migrations.go:63: Migration: Adding missing Favorites query to configuration.
2026/02/18 12:54:35 config_migrations.go:193: Migration: Pruning stale Favorites query: d3f6168df579adf5
2026/02/18 12:54:35 config_migrations.go:216: Migration: Updating query ID for Wikimedia: 9fc4dfc7bec4bfef -> 171476e9ef61bf61
2026/02/18 12:54:35 config_migrations.go:216: Migration: Updating query ID for MetMuseum: 1af8a9b1bde8746f -> c8c71a3d82e22e53
2026/02/18 12:54:35 config_migrations.go:216: Migration: Updating query ID for ArtInstituteChicago: cc828506342aa6ce -> be97336e378051fc
2026/02/18 12:54:35 config_migrations.go:216: Migration: Updating query ID for Wallhaven: c8f866a2289a51fc -> 8fe4b61069a9d4da
2026/02/18 12:54:35 config_migrations.go:216: Migration: Updating query ID for Wallhaven: 66390310e09f0e61 -> 0547686c1bfe3157

--- Analyzing: testdata\regressions\435809.jpg ---
Dimensions: (0,0)-(3811,2809)
Energy: 0.1942 (Threshold: 0.0500)
Face Found: (1290,1812)-(1352,1874) (Q: 23.72)
2026/02/18 12:54:37 smart_image_processor.go:185: [DEBUG] SmartFit [Flexibility]: Check (Src: 3811x2809, Tgt: 1920x1080, Surplus: 1.98, DynamicThreshold: 1.50, Diff: 0.42)
2026/02/18 12:54:39 smart_image_processor.go:277: [DEBUG] Face Logic: Found face (Q:23.7)
2026/02/18 12:54:39 crop_strategies.go:30: [DEBUG] Face Logic: Hard Crop Clean (Rect: (0,666)-(3811,2809))
Result Bounds: (0,0)-(1920,1080)
=== RUN   TestRegressionSuite/435851.jpg
2026/02/18 12:54:39 config_migrations.go:63: Migration: Adding missing Favorites query to configuration.
2026/02/18 12:54:39 config_migrations.go:193: Migration: Pruning stale Favorites query: d3f6168df579adf5
2026/02/18 12:54:39 config_migrations.go:216: Migration: Updating query ID for Wikimedia: 9fc4dfc7bec4bfef -> 171476e9ef61bf61
2026/02/18 12:54:39 config_migrations.go:216: Migration: Updating query ID for MetMuseum: 1af8a9b1bde8746f -> c8c71a3d82e22e53
2026/02/18 12:54:39 config_migrations.go:216: Migration: Updating query ID for ArtInstituteChicago: cc828506342aa6ce -> be97336e378051fc
2026/02/18 12:54:39 config_migrations.go:216: Migration: Updating query ID for Wallhaven: c8f866a2289a51fc -> 8fe4b61069a9d4da
2026/02/18 12:54:39 config_migrations.go:216: Migration: Updating query ID for Wallhaven: 66390310e09f0e61 -> 0547686c1bfe3157

--- Analyzing: testdata\regressions\435851.jpg ---
Dimensions: (0,0)-(3911,3184)
Energy: 0.1144 (Threshold: 0.0500)
2026/02/18 12:54:42 smart_image_processor.go:467: [DEBUG] Face Logic: Discarded bottom-edge detection with low confidence (Q: 10.87)
No Face Found: no face found
2026/02/18 12:54:42 smart_image_processor.go:185: [DEBUG] SmartFit [Flexibility]: Check (Src: 3911x3184, Tgt: 1920x1080, Surplus: 2.04, DynamicThreshold: 1.50, Diff: 0.55)
2026/02/18 12:54:44 smart_image_processor.go:467: [DEBUG] Face Logic: Discarded bottom-edge detection with low confidence (Q: 10.87)
2026/02/18 12:54:44 smart_image_processor.go:246: [DEBUG] Face Logic: no face found
2026/02/18 12:54:44 crop_strategies.go:68: [DEBUG] SmartFit: Using Entropy Crop.
2026/02/18 12:54:44 smart_image_processor.go:557: [DEBUG] Smart Pan: ImgBounds (0,0)-(3911,3184), TargetAspect 1.78, SmartCenter (1954,1734)
2026/02/18 12:54:44 smart_image_processor.go:558: [DEBUG] Smart Pan: Calculated Max Crop 3911x2199
2026/02/18 12:54:44 smart_image_processor.go:559: [DEBUG] Smart Pan: Final Crop (0,635)-(3911,2834) (Size: 3911x2199)
Result Bounds: (0,0)-(1920,1080)
=== RUN   TestRegressionSuite/435868.jpg
2026/02/18 12:54:44 config_migrations.go:63: Migration: Adding missing Favorites query to configuration.
2026/02/18 12:54:44 config_migrations.go:193: Migration: Pruning stale Favorites query: d3f6168df579adf5
2026/02/18 12:54:44 config_migrations.go:216: Migration: Updating query ID for Wikimedia: 9fc4dfc7bec4bfef -> 171476e9ef61bf61
2026/02/18 12:54:44 config_migrations.go:216: Migration: Updating query ID for MetMuseum: 1af8a9b1bde8746f -> c8c71a3d82e22e53
2026/02/18 12:54:44 config_migrations.go:216: Migration: Updating query ID for ArtInstituteChicago: cc828506342aa6ce -> be97336e378051fc
2026/02/18 12:54:44 config_migrations.go:216: Migration: Updating query ID for Wallhaven: c8f866a2289a51fc -> 8fe4b61069a9d4da
2026/02/18 12:54:44 config_migrations.go:216: Migration: Updating query ID for Wallhaven: 66390310e09f0e61 -> 0547686c1bfe3157

--- Analyzing: testdata\regressions\435868.jpg ---
Dimensions: (0,0)-(3909,3112)
Energy: 0.1528 (Threshold: 0.0500)
Face Found: (1135,54)-(1577,496) (Q: 102.90)
2026/02/18 12:54:46 smart_image_processor.go:185: [DEBUG] SmartFit [Flexibility]: Check (Src: 3909x3112, Tgt: 1920x1080, Surplus: 2.04, DynamicThreshold: 1.50, Diff: 0.52)
2026/02/18 12:54:47 smart_image_processor.go:277: [DEBUG] Face Logic: Found face (Q:102.9)
2026/02/18 12:54:47 crop_strategies.go:30: [DEBUG] Face Logic: Hard Crop Clean (Rect: (0,0)-(3909,2198))
Result Bounds: (0,0)-(1920,1080)
=== RUN   TestRegressionSuite/436026.jpg
2026/02/18 12:54:47 config_migrations.go:63: Migration: Adding missing Favorites query to configuration.
2026/02/18 12:54:47 config_migrations.go:193: Migration: Pruning stale Favorites query: d3f6168df579adf5
2026/02/18 12:54:47 config_migrations.go:216: Migration: Updating query ID for Wikimedia: 9fc4dfc7bec4bfef -> 171476e9ef61bf61
2026/02/18 12:54:47 config_migrations.go:216: Migration: Updating query ID for MetMuseum: 1af8a9b1bde8746f -> c8c71a3d82e22e53
2026/02/18 12:54:47 config_migrations.go:216: Migration: Updating query ID for ArtInstituteChicago: cc828506342aa6ce -> be97336e378051fc
2026/02/18 12:54:47 config_migrations.go:216: Migration: Updating query ID for Wallhaven: c8f866a2289a51fc -> 8fe4b61069a9d4da
2026/02/18 12:54:47 config_migrations.go:216: Migration: Updating query ID for Wallhaven: 66390310e09f0e61 -> 0547686c1bfe3157

--- Analyzing: testdata\regressions\436026.jpg ---
Dimensions: (0,0)-(3573,2899)
Energy: 0.2401 (Threshold: 0.0500)
Face Found: (1261,2237)-(1319,2295) (Q: 23.24)
2026/02/18 12:54:50 smart_image_processor.go:185: [DEBUG] SmartFit [Flexibility]: Check (Src: 3573x2899, Tgt: 1920x1080, Surplus: 1.86, DynamicThreshold: 1.50, Diff: 0.55)
2026/02/18 12:54:52 smart_image_processor.go:277: [DEBUG] Face Logic: Found face (Q:23.2)
2026/02/18 12:54:52 crop_strategies.go:30: [DEBUG] Face Logic: Hard Crop Clean (Rect: (0,890)-(3573,2899))
Result Bounds: (0,0)-(1920,1080)
=== RUN   TestRegressionSuite/436105.jpg
2026/02/18 12:54:52 config_migrations.go:63: Migration: Adding missing Favorites query to configuration.
2026/02/18 12:54:52 config_migrations.go:193: Migration: Pruning stale Favorites query: d3f6168df579adf5
2026/02/18 12:54:52 config_migrations.go:216: Migration: Updating query ID for Wikimedia: 9fc4dfc7bec4bfef -> 171476e9ef61bf61
2026/02/18 12:54:52 config_migrations.go:216: Migration: Updating query ID for MetMuseum: 1af8a9b1bde8746f -> c8c71a3d82e22e53
2026/02/18 12:54:52 config_migrations.go:216: Migration: Updating query ID for ArtInstituteChicago: cc828506342aa6ce -> be97336e378051fc
2026/02/18 12:54:52 config_migrations.go:216: Migration: Updating query ID for Wallhaven: c8f866a2289a51fc -> 8fe4b61069a9d4da
2026/02/18 12:54:52 config_migrations.go:216: Migration: Updating query ID for Wallhaven: 66390310e09f0e61 -> 0547686c1bfe3157

--- Analyzing: testdata\regressions\436105.jpg ---
Dimensions: (0,0)-(4000,2663)
Energy: 0.0869 (Threshold: 0.0500)
Face Found: (2456,888)-(2668,1100) (Q: 19.85)
2026/02/18 12:54:54 smart_image_processor.go:185: [DEBUG] SmartFit [Flexibility]: Check (Src: 4000x2663, Tgt: 1920x1080, Surplus: 2.08, DynamicThreshold: 1.50, Diff: 0.28)
2026/02/18 12:54:56 smart_image_processor.go:277: [DEBUG] Face Logic: Found face (Q:19.8)
2026/02/18 12:54:56 crop_strategies.go:30: [DEBUG] Face Logic: Hard Crop Clean (Rect: (0,0)-(4000,2250))
Result Bounds: (0,0)-(1920,1080)
=== RUN   TestRegressionSuite/436526.jpg
2026/02/18 12:54:56 config_migrations.go:63: Migration: Adding missing Favorites query to configuration.
2026/02/18 12:54:56 config_migrations.go:193: Migration: Pruning stale Favorites query: d3f6168df579adf5
2026/02/18 12:54:56 config_migrations.go:216: Migration: Updating query ID for Wikimedia: 9fc4dfc7bec4bfef -> 171476e9ef61bf61
2026/02/18 12:54:56 config_migrations.go:216: Migration: Updating query ID for MetMuseum: 1af8a9b1bde8746f -> c8c71a3d82e22e53
2026/02/18 12:54:56 config_migrations.go:216: Migration: Updating query ID for ArtInstituteChicago: cc828506342aa6ce -> be97336e378051fc
2026/02/18 12:54:56 config_migrations.go:216: Migration: Updating query ID for Wallhaven: c8f866a2289a51fc -> 8fe4b61069a9d4da
2026/02/18 12:54:56 config_migrations.go:216: Migration: Updating query ID for Wallhaven: 66390310e09f0e61 -> 0547686c1bfe3157

--- Analyzing: testdata\regressions\436526.jpg ---
Dimensions: (0,0)-(1931,1531)
Energy: 0.1166 (Threshold: 0.0500)
No Face Found: no face found
2026/02/18 12:54:58 smart_image_processor.go:185: [DEBUG] SmartFit [Flexibility]: Check (Src: 1931x1531, Tgt: 1920x1080, Surplus: 1.01, DynamicThreshold: 1.50, Diff: 0.52)
2026/02/18 12:55:00 smart_image_processor.go:246: [DEBUG] Face Logic: no face found
2026/02/18 12:55:00 crop_strategies.go:68: [DEBUG] SmartFit: Using Entropy Crop.
2026/02/18 12:55:00 smart_image_processor.go:557: [DEBUG] Smart Pan: ImgBounds (0,0)-(1931,1531), TargetAspect 1.78, SmartCenter (964,847)
2026/02/18 12:55:00 smart_image_processor.go:558: [DEBUG] Smart Pan: Calculated Max Crop 1931x1086
2026/02/18 12:55:00 smart_image_processor.go:559: [DEBUG] Smart Pan: Final Crop (0,304)-(1931,1390) (Size: 1931x1086)
Result Bounds: (0,0)-(1920,1080)
=== RUN   TestRegressionSuite/436530.jpg
2026/02/18 12:55:01 config_migrations.go:63: Migration: Adding missing Favorites query to configuration.
2026/02/18 12:55:01 config_migrations.go:193: Migration: Pruning stale Favorites query: d3f6168df579adf5
2026/02/18 12:55:01 config_migrations.go:216: Migration: Updating query ID for Wikimedia: 9fc4dfc7bec4bfef -> 171476e9ef61bf61
2026/02/18 12:55:01 config_migrations.go:216: Migration: Updating query ID for MetMuseum: 1af8a9b1bde8746f -> c8c71a3d82e22e53
2026/02/18 12:55:01 config_migrations.go:216: Migration: Updating query ID for ArtInstituteChicago: cc828506342aa6ce -> be97336e378051fc
2026/02/18 12:55:01 config_migrations.go:216: Migration: Updating query ID for Wallhaven: c8f866a2289a51fc -> 8fe4b61069a9d4da
2026/02/18 12:55:01 config_migrations.go:216: Migration: Updating query ID for Wallhaven: 66390310e09f0e61 -> 0547686c1bfe3157

--- Analyzing: testdata\regressions\436530.jpg ---
Dimensions: (0,0)-(3811,3130)
Energy: 0.1333 (Threshold: 0.0500)
No Face Found: no face found
2026/02/18 12:55:03 smart_image_processor.go:185: [DEBUG] SmartFit [Flexibility]: Check (Src: 3811x3130, Tgt: 1920x1080, Surplus: 1.98, DynamicThreshold: 1.50, Diff: 0.56)
2026/02/18 12:55:04 smart_image_processor.go:246: [DEBUG] Face Logic: no face found
2026/02/18 12:55:04 crop_strategies.go:68: [DEBUG] SmartFit: Using Entropy Crop.
2026/02/18 12:55:04 smart_image_processor.go:557: [DEBUG] Smart Pan: ImgBounds (0,0)-(3811,3130), TargetAspect 1.78, SmartCenter (1905,1130)
2026/02/18 12:55:04 smart_image_processor.go:558: [DEBUG] Smart Pan: Calculated Max Crop 3811x2143
2026/02/18 12:55:04 smart_image_processor.go:559: [DEBUG] Smart Pan: Final Crop (0,59)-(3811,2202) (Size: 3811x2143)
Result Bounds: (0,0)-(1920,1080)
=== RUN   TestRegressionSuite/436535.jpg
2026/02/18 12:55:05 config_migrations.go:63: Migration: Adding missing Favorites query to configuration.
2026/02/18 12:55:05 config_migrations.go:193: Migration: Pruning stale Favorites query: d3f6168df579adf5
2026/02/18 12:55:05 config_migrations.go:216: Migration: Updating query ID for Wikimedia: 9fc4dfc7bec4bfef -> 171476e9ef61bf61
2026/02/18 12:55:05 config_migrations.go:216: Migration: Updating query ID for MetMuseum: 1af8a9b1bde8746f -> c8c71a3d82e22e53
2026/02/18 12:55:05 config_migrations.go:216: Migration: Updating query ID for ArtInstituteChicago: cc828506342aa6ce -> be97336e378051fc
2026/02/18 12:55:05 config_migrations.go:216: Migration: Updating query ID for Wallhaven: c8f866a2289a51fc -> 8fe4b61069a9d4da
2026/02/18 12:55:05 config_migrations.go:216: Migration: Updating query ID for Wallhaven: 66390310e09f0e61 -> 0547686c1bfe3157

--- Analyzing: testdata\regressions\436535.jpg ---
Dimensions: (0,0)-(4000,3184)
Energy: 0.1912 (Threshold: 0.0500)
No Face Found: no face found
2026/02/18 12:55:07 smart_image_processor.go:185: [DEBUG] SmartFit [Flexibility]: Check (Src: 4000x3184, Tgt: 1920x1080, Surplus: 2.08, DynamicThreshold: 1.50, Diff: 0.52)
2026/02/18 12:55:09 smart_image_processor.go:246: [DEBUG] Face Logic: no face found
2026/02/18 12:55:09 crop_strategies.go:68: [DEBUG] SmartFit: Using Entropy Crop.
2026/02/18 12:55:09 crop_strategies.go:94: [DEBUG] SmartFit [Flexibility]: Feet Guard Triggered. Fallback to Center.
2026/02/18 12:55:09 smart_image_processor.go:557: [DEBUG] Smart Pan: ImgBounds (0,0)-(4000,3184), TargetAspect 1.78, SmartCenter (2000,1592)
2026/02/18 12:55:09 smart_image_processor.go:558: [DEBUG] Smart Pan: Calculated Max Crop 4000x2250
2026/02/18 12:55:09 smart_image_processor.go:559: [DEBUG] Smart Pan: Final Crop (0,467)-(4000,2717) (Size: 4000x2250)
Result Bounds: (0,0)-(1920,1080)
=== RUN   TestRegressionSuite/437329.jpg
2026/02/18 12:55:09 config_migrations.go:63: Migration: Adding missing Favorites query to configuration.
2026/02/18 12:55:09 config_migrations.go:193: Migration: Pruning stale Favorites query: d3f6168df579adf5
2026/02/18 12:55:09 config_migrations.go:216: Migration: Updating query ID for Wikimedia: 9fc4dfc7bec4bfef -> 171476e9ef61bf61
2026/02/18 12:55:09 config_migrations.go:216: Migration: Updating query ID for MetMuseum: 1af8a9b1bde8746f -> c8c71a3d82e22e53
2026/02/18 12:55:09 config_migrations.go:216: Migration: Updating query ID for ArtInstituteChicago: cc828506342aa6ce -> be97336e378051fc
2026/02/18 12:55:09 config_migrations.go:216: Migration: Updating query ID for Wallhaven: c8f866a2289a51fc -> 8fe4b61069a9d4da
2026/02/18 12:55:09 config_migrations.go:216: Migration: Updating query ID for Wallhaven: 66390310e09f0e61 -> 0547686c1bfe3157

--- Analyzing: testdata\regressions\437329.jpg ---
Dimensions: (0,0)-(4000,2973)
Energy: 0.1149 (Threshold: 0.0500)
No Face Found: no face found
2026/02/18 12:55:11 smart_image_processor.go:185: [DEBUG] SmartFit [Flexibility]: Check (Src: 4000x2973, Tgt: 1920x1080, Surplus: 2.08, DynamicThreshold: 1.50, Diff: 0.43)
2026/02/18 12:55:13 smart_image_processor.go:246: [DEBUG] Face Logic: no face found
2026/02/18 12:55:13 crop_strategies.go:68: [DEBUG] SmartFit: Using Entropy Crop.
2026/02/18 12:55:13 crop_strategies.go:94: [DEBUG] SmartFit [Flexibility]: Feet Guard Triggered. Fallback to Center.
2026/02/18 12:55:13 smart_image_processor.go:557: [DEBUG] Smart Pan: ImgBounds (0,0)-(4000,2973), TargetAspect 1.78, SmartCenter (2000,1486)
2026/02/18 12:55:13 smart_image_processor.go:558: [DEBUG] Smart Pan: Calculated Max Crop 4000x2250
2026/02/18 12:55:13 smart_image_processor.go:559: [DEBUG] Smart Pan: Final Crop (0,361)-(4000,2611) (Size: 4000x2250)
Result Bounds: (0,0)-(1920,1080)
=== RUN   TestRegressionSuite/437658.jpg
2026/02/18 12:55:13 config_migrations.go:63: Migration: Adding missing Favorites query to configuration.
2026/02/18 12:55:13 config_migrations.go:193: Migration: Pruning stale Favorites query: d3f6168df579adf5
2026/02/18 12:55:13 config_migrations.go:216: Migration: Updating query ID for Wikimedia: 9fc4dfc7bec4bfef -> 171476e9ef61bf61
2026/02/18 12:55:13 config_migrations.go:216: Migration: Updating query ID for MetMuseum: 1af8a9b1bde8746f -> c8c71a3d82e22e53
2026/02/18 12:55:13 config_migrations.go:216: Migration: Updating query ID for ArtInstituteChicago: cc828506342aa6ce -> be97336e378051fc
2026/02/18 12:55:13 config_migrations.go:216: Migration: Updating query ID for Wallhaven: c8f866a2289a51fc -> 8fe4b61069a9d4da
2026/02/18 12:55:13 config_migrations.go:216: Migration: Updating query ID for Wallhaven: 66390310e09f0e61 -> 0547686c1bfe3157

--- Analyzing: testdata\regressions\437658.jpg ---
Dimensions: (0,0)-(1959,1332)
Energy: 0.0934 (Threshold: 0.0500)
No Face Found: no face found
2026/02/18 12:55:15 smart_image_processor.go:185: [DEBUG] SmartFit [Flexibility]: Check (Src: 1959x1332, Tgt: 1920x1080, Surplus: 1.02, DynamicThreshold: 1.50, Diff: 0.31)
2026/02/18 12:55:18 smart_image_processor.go:246: [DEBUG] Face Logic: no face found
2026/02/18 12:55:18 crop_strategies.go:68: [DEBUG] SmartFit: Using Entropy Crop.
2026/02/18 12:55:18 smart_image_processor.go:557: [DEBUG] Smart Pan: ImgBounds (0,0)-(1959,1332), TargetAspect 1.78, SmartCenter (979,655)
2026/02/18 12:55:18 smart_image_processor.go:558: [DEBUG] Smart Pan: Calculated Max Crop 1959x1101
2026/02/18 12:55:18 smart_image_processor.go:559: [DEBUG] Smart Pan: Final Crop (0,105)-(1959,1206) (Size: 1959x1101)
Result Bounds: (0,0)-(1920,1080)
=== RUN   TestRegressionSuite/45434.jpg
2026/02/18 12:55:18 config_migrations.go:63: Migration: Adding missing Favorites query to configuration.
2026/02/18 12:55:18 config_migrations.go:193: Migration: Pruning stale Favorites query: d3f6168df579adf5
2026/02/18 12:55:18 config_migrations.go:216: Migration: Updating query ID for Wikimedia: 9fc4dfc7bec4bfef -> 171476e9ef61bf61
2026/02/18 12:55:18 config_migrations.go:216: Migration: Updating query ID for MetMuseum: 1af8a9b1bde8746f -> c8c71a3d82e22e53
2026/02/18 12:55:18 config_migrations.go:216: Migration: Updating query ID for ArtInstituteChicago: cc828506342aa6ce -> be97336e378051fc
2026/02/18 12:55:18 config_migrations.go:216: Migration: Updating query ID for Wallhaven: c8f866a2289a51fc -> 8fe4b61069a9d4da
2026/02/18 12:55:18 config_migrations.go:216: Migration: Updating query ID for Wallhaven: 66390310e09f0e61 -> 0547686c1bfe3157

--- Analyzing: testdata\regressions\45434.jpg ---
Dimensions: (0,0)-(3859,2594)
Energy: 0.2237 (Threshold: 0.0500)
No Face Found: no face found
2026/02/18 12:55:21 smart_image_processor.go:185: [DEBUG] SmartFit [Flexibility]: Check (Src: 3859x2594, Tgt: 1920x1080, Surplus: 2.01, DynamicThreshold: 1.50, Diff: 0.29)
2026/02/18 12:55:23 smart_image_processor.go:246: [DEBUG] Face Logic: no face found
2026/02/18 12:55:23 crop_strategies.go:68: [DEBUG] SmartFit: Using Entropy Crop.
2026/02/18 12:55:23 crop_strategies.go:119: [DEBUG] SmartFit [Flexibility]: Relaxing Slack Guard for High Energy (0.2237)
2026/02/18 12:55:23 smart_image_processor.go:557: [DEBUG] Smart Pan: ImgBounds (0,0)-(3859,2594), TargetAspect 1.78, SmartCenter (1929,1498)
2026/02/18 12:55:23 smart_image_processor.go:558: [DEBUG] Smart Pan: Calculated Max Crop 3859x2170
2026/02/18 12:55:23 smart_image_processor.go:559: [DEBUG] Smart Pan: Final Crop (0,413)-(3859,2583) (Size: 3859x2170)
Result Bounds: (0,0)-(1920,1080)
--- PASS: TestRegressionSuite (85.64s)
    --- PASS: TestRegressionSuite/10154.jpg (5.00s)
    --- PASS: TestRegressionSuite/10159.jpg (3.32s)
    --- PASS: TestRegressionSuite/10497.jpg (4.51s)
    --- PASS: TestRegressionSuite/10826.jpg (4.99s)
    --- PASS: TestRegressionSuite/11122.jpg (4.90s)
    --- PASS: TestRegressionSuite/11313.jpg (5.44s)
    --- PASS: TestRegressionSuite/11417.jpg (3.58s)
    --- PASS: TestRegressionSuite/435702.jpg (5.29s)
    --- PASS: TestRegressionSuite/435809.jpg (4.71s)
    --- PASS: TestRegressionSuite/435851.jpg (4.30s)
    --- PASS: TestRegressionSuite/435868.jpg (3.71s)
    --- PASS: TestRegressionSuite/436026.jpg (4.49s)
    --- PASS: TestRegressionSuite/436105.jpg (4.05s)
    --- PASS: TestRegressionSuite/436526.jpg (4.58s)
    --- PASS: TestRegressionSuite/436530.jpg (4.05s)
    --- PASS: TestRegressionSuite/436535.jpg (4.15s)
    --- PASS: TestRegressionSuite/437329.jpg (4.34s)
    --- PASS: TestRegressionSuite/437658.jpg (4.81s)
    --- PASS: TestRegressionSuite/45434.jpg (5.41s)
=== RUN   TestDeepDelete
2026/02/18 12:55:23 file_manager.go:106: [DeepDelete] Requested for ID: test_img
2026/02/18 12:55:23 file_manager.go:135: [DEBUG] DeepDelete: Found Master file C:\Users\karlk\AppData\Local\Temp\TestDeepDelete3190453810\001\test_img.jpg
2026/02/18 12:55:23 file_manager.go:140: [DEBUG] DeepDelete: Scanning fitted root C:\Users\karlk\AppData\Local\Temp\TestDeepDelete3190453810\001\fitted for ID test_img
2026/02/18 12:55:23 file_manager.go:153: [DEBUG] DeepDelete: Found Derivative file C:\Users\karlk\AppData\Local\Temp\TestDeepDelete3190453810\001\fitted\flexibility\facecrop\test_img.jpg
2026/02/18 12:55:23 file_manager.go:153: [DEBUG] DeepDelete: Found Derivative file C:\Users\karlk\AppData\Local\Temp\TestDeepDelete3190453810\001\fitted\quality\standard\test_img.jpg
2026/02/18 12:55:23 file_manager.go:162: [DEBUG] DeepDelete: Total files to delete for test_img: 3
2026/02/18 12:55:23 file_manager.go:173: [DEBUG] DeepDelete: Successfully deleted C:\Users\karlk\AppData\Local\Temp\TestDeepDelete3190453810\001\test_img.jpg
2026/02/18 12:55:23 file_manager.go:173: [DEBUG] DeepDelete: Successfully deleted C:\Users\karlk\AppData\Local\Temp\TestDeepDelete3190453810\001\fitted\flexibility\facecrop\test_img.jpg
2026/02/18 12:55:23 file_manager.go:173: [DEBUG] DeepDelete: Successfully deleted C:\Users\karlk\AppData\Local\Temp\TestDeepDelete3190453810\001\fitted\quality\standard\test_img.jpg
--- PASS: TestDeepDelete (0.01s)
=== RUN   TestResolvePaths
--- PASS: TestResolvePaths (0.00s)
=== RUN   TestSecurityValidation
--- PASS: TestSecurityValidation (0.00s)
=== RUN   TestCleanupOrphans
2026/02/18 12:55:23 file_manager.go:183: FileManager: Starting orphan cleanup...
2026/02/18 12:55:23 file_manager.go:232: FileManager: Orphan cleanup finished. Removed 2 files.
--- PASS: TestCleanupOrphans (0.11s)
=== RUN   TestCleanupOrphans_DeepResolutionStructure
2026/02/18 12:55:23 file_manager.go:183: FileManager: Starting orphan cleanup...
2026/02/18 12:55:23 file_manager.go:232: FileManager: Orphan cleanup finished. Removed 1 files.
--- PASS: TestCleanupOrphans_DeepResolutionStructure (0.06s)
=== RUN   TestExtractFilenameFromURL
--- PASS: TestExtractFilenameFromURL (0.00s)
=== RUN   TestGenerateQueryID
--- PASS: TestGenerateQueryID (0.00s)
=== RUN   TestLifecycle_BlockPersistence
    integration_test.go:121: [Phase 1] Starting App Instance 1...
2026/02/18 12:55:23 wallpaper.go:359: Monitor Actor 0 started: Primary (0,0)-(1920,1080)
2026/02/18 12:55:23 monitor_controller.go:110: [DEBUG] [Monitor 0] Controller started
2026/02/18 12:55:23 pipeline.go:71: Starting Pipeline with 1 workers
2026/02/18 12:55:23 wallpaper.go:669: [DEBUG] Dispatching command 5 to monitor -1
2026/02/18 12:55:23 wallpaper.go:676: [DEBUG] Command 5 sent to monitor 0 buffer
2026/02/18 12:55:23 monitor_controller.go:134: [DEBUG] [Monitor 0] Actor received command 5 (Pending: 0)
2026/02/18 12:55:23 monitor_controller.go:222: [DEBUG] [Monitor 0] Updating shuffle state...
2026/02/18 12:55:23 pipeline.go:105: [DEBUG] Worker 0 started
2026/02/18 12:55:23 scheduler.go:20: Starting nightly refresh checker...
2026/02/18 12:55:23 fetch_logic.go:18: Starting image fetch from active queries...
2026/02/18 12:55:23 fetch_logic.go:103: Fetch returned 0 new images from all active queries.
2026/02/18 12:55:23 wallpaper.go:397: [DEBUG] Activate: Requesting Tray Menu Rebuild to include discovered monitors...
2026/02/18 12:55:23 scheduler.go:70: Initial refresh check at 2026-02-18T12:55:23+01:00
    integration_test.go:127: [Phase 1] User blocks image: offending_image_id
2026/02/18 12:55:23 fetch_logic.go:106: Fetch cycle completed.
2026/02/18 12:55:23 wallpaper.go:402: Deactivating wallpaper plugin...
2026/02/18 12:55:23 wallpaper.go:408: Nightly refresh stop signal sent and channel cleared.
2026/02/18 12:55:23 wallpaper.go:412: Wallpaper change ticker stopped.
2026/02/18 12:55:23 wallpaper.go:298: Stopping all workers...
2026/02/18 12:55:23 pipeline.go:84: Stopping Pipeline...
2026/02/18 12:55:23 pipeline.go:110: [DEBUG] Worker 0 stopping
2026/02/18 12:55:23 pipeline.go:88: Pipeline Stopped.
2026/02/18 12:55:23 wallpaper.go:435: Wallpaper plugin deactivated.
    integration_test.go:144: [Phase 1] App Instance 1 Shutdown.
    integration_test.go:151: [Phase 2] Starting App Instance 2 (Fresh process, same local storage)...
2026/02/18 12:55:23 scheduler.go:77: Initial check: Current time (12:55PM) is not post-midnight. Setting last refresh day to 18.
2026/02/18 12:55:23 wallpaper.go:784: [DEBUG] [Sync] Stopping monitor watcher (Context Cancelled)
2026/02/18 12:55:23 monitor_controller.go:118: [DEBUG] [Monitor 0] Stopping controller
2026/02/18 12:55:23 wallpaper.go:359: Monitor Actor 0 started: Primary (0,0)-(1920,1080)
2026/02/18 12:55:23 pipeline.go:71: Starting Pipeline with 1 workers
2026/02/18 12:55:23 wallpaper.go:669: [DEBUG] Dispatching command 5 to monitor -1
2026/02/18 12:55:23 wallpaper.go:676: [DEBUG] Command 5 sent to monitor 0 buffer
2026/02/18 12:55:23 pipeline.go:105: [DEBUG] Worker 0 started
2026/02/18 12:55:23 monitor_controller.go:110: [DEBUG] [Monitor 0] Controller started
2026/02/18 12:55:23 monitor_controller.go:134: [DEBUG] [Monitor 0] Actor received command 5 (Pending: 0)
2026/02/18 12:55:23 monitor_controller.go:222: [DEBUG] [Monitor 0] Updating shuffle state...
2026/02/18 12:55:23 scheduler.go:20: Starting nightly refresh checker...
2026/02/18 12:55:23 fetch_logic.go:18: Starting image fetch from active queries...
2026/02/18 12:55:23 fetch_logic.go:103: Fetch returned 0 new images from all active queries.
2026/02/18 12:55:23 fetch_logic.go:106: Fetch cycle completed.
2026/02/18 12:55:23 wallpaper.go:397: [DEBUG] Activate: Requesting Tray Menu Rebuild to include discovered monitors...
2026/02/18 12:55:23 scheduler.go:70: Initial refresh check at 2026-02-18T12:55:23+01:00
2026/02/18 12:55:23 scheduler.go:77: Initial check: Current time (12:55PM) is not post-midnight. Setting last refresh day to 18.
2026/02/18 12:55:23 wallpaper.go:402: Deactivating wallpaper plugin...
2026/02/18 12:55:23 wallpaper.go:408: Nightly refresh stop signal sent and channel cleared.
2026/02/18 12:55:23 wallpaper.go:412: Wallpaper change ticker stopped.
2026/02/18 12:55:23 wallpaper.go:298: Stopping all workers...
2026/02/18 12:55:23 pipeline.go:84: Stopping Pipeline...
2026/02/18 12:55:23 scheduler.go:57: Stopping nightly refresh checker.
2026/02/18 12:55:23 wallpaper.go:784: [DEBUG] [Sync] Stopping monitor watcher (Context Cancelled)
2026/02/18 12:55:23 pipeline.go:110: [DEBUG] Worker 0 stopping
2026/02/18 12:55:23 pipeline.go:88: Pipeline Stopped.
2026/02/18 12:55:23 wallpaper.go:435: Wallpaper plugin deactivated.
2026/02/18 12:55:23 monitor_controller.go:118: [DEBUG] [Monitor 0] Stopping controller
    integration_test.go:176: [Phase 3] Simulating Provider pushing blocked content...
2026/02/18 12:55:23 wallpaper.go:359: Monitor Actor 0 started: Primary (0,0)-(1920,1080)
2026/02/18 12:55:23 pipeline.go:71: Starting Pipeline with 1 workers
2026/02/18 12:55:23 wallpaper.go:669: [DEBUG] Dispatching command 5 to monitor -1
2026/02/18 12:55:23 wallpaper.go:676: [DEBUG] Command 5 sent to monitor 0 buffer
2026/02/18 12:55:23 monitor_controller.go:110: [DEBUG] [Monitor 0] Controller started
2026/02/18 12:55:23 pipeline.go:105: [DEBUG] Worker 0 started
2026/02/18 12:55:23 scheduler.go:20: Starting nightly refresh checker...
2026/02/18 12:55:23 fetch_logic.go:18: Starting image fetch from active queries...
2026/02/18 12:55:23 fetch_logic.go:103: Fetch returned 0 new images from all active queries.
2026/02/18 12:55:23 fetch_logic.go:106: Fetch cycle completed.
2026/02/18 12:55:23 wallpaper.go:397: [DEBUG] Activate: Requesting Tray Menu Rebuild to include discovered monitors...
2026/02/18 12:55:23 monitor_controller.go:134: [DEBUG] [Monitor 0] Actor received command 5 (Pending: 0)
2026/02/18 12:55:23 monitor_controller.go:222: [DEBUG] [Monitor 0] Updating shuffle state...
2026/02/18 12:55:23 scheduler.go:70: Initial refresh check at 2026-02-18T12:55:23+01:00
2026/02/18 12:55:23 scheduler.go:77: Initial check: Current time (12:55PM) is not post-midnight. Setting last refresh day to 18.
2026/02/18 12:55:24 wallpaper.go:402: Deactivating wallpaper plugin...
2026/02/18 12:55:24 wallpaper.go:408: Nightly refresh stop signal sent and channel cleared.
2026/02/18 12:55:24 wallpaper.go:412: Wallpaper change ticker stopped.
2026/02/18 12:55:24 wallpaper.go:298: Stopping all workers...
2026/02/18 12:55:24 wallpaper.go:784: [DEBUG] [Sync] Stopping monitor watcher (Context Cancelled)
2026/02/18 12:55:24 scheduler.go:57: Stopping nightly refresh checker.
2026/02/18 12:55:24 pipeline.go:84: Stopping Pipeline...
2026/02/18 12:55:24 pipeline.go:110: [DEBUG] Worker 0 stopping
2026/02/18 12:55:24 pipeline.go:88: Pipeline Stopped.
2026/02/18 12:55:24 wallpaper.go:435: Wallpaper plugin deactivated.
2026/02/18 12:55:24 monitor_controller.go:118: [DEBUG] [Monitor 0] Stopping controller
    integration_test.go:217: [Phase 4] Verifying 'Clear()' does not wipe blocklist...
2026/02/18 12:55:24 wallpaper.go:359: Monitor Actor 0 started: Primary (0,0)-(1920,1080)
2026/02/18 12:55:24 pipeline.go:71: Starting Pipeline with 1 workers
2026/02/18 12:55:24 wallpaper.go:669: [DEBUG] Dispatching command 5 to monitor -1
2026/02/18 12:55:24 wallpaper.go:676: [DEBUG] Command 5 sent to monitor 0 buffer
2026/02/18 12:55:24 monitor_controller.go:110: [DEBUG] [Monitor 0] Controller started
2026/02/18 12:55:24 monitor_controller.go:134: [DEBUG] [Monitor 0] Actor received command 5 (Pending: 0)
2026/02/18 12:55:24 monitor_controller.go:222: [DEBUG] [Monitor 0] Updating shuffle state...
2026/02/18 12:55:24 pipeline.go:105: [DEBUG] Worker 0 started
2026/02/18 12:55:24 scheduler.go:20: Starting nightly refresh checker...
2026/02/18 12:55:24 scheduler.go:70: Initial refresh check at 2026-02-18T12:55:24+01:00
2026/02/18 12:55:24 scheduler.go:77: Initial check: Current time (12:55PM) is not post-midnight. Setting last refresh day to 18.
2026/02/18 12:55:24 fetch_logic.go:18: Starting image fetch from active queries...
2026/02/18 12:55:24 wallpaper.go:397: [DEBUG] Activate: Requesting Tray Menu Rebuild to include discovered monitors...
2026/02/18 12:55:24 fetch_logic.go:103: Fetch returned 0 new images from all active queries.
    integration_test.go:223: [Phase 4] Clearing Store...
2026/02/18 12:55:24 fetch_logic.go:106: Fetch cycle completed.
2026/02/18 12:55:24 wallpaper.go:402: Deactivating wallpaper plugin...
2026/02/18 12:55:24 wallpaper.go:408: Nightly refresh stop signal sent and channel cleared.
2026/02/18 12:55:24 wallpaper.go:412: Wallpaper change ticker stopped.
2026/02/18 12:55:24 wallpaper.go:298: Stopping all workers...
2026/02/18 12:55:24 pipeline.go:84: Stopping Pipeline...
2026/02/18 12:55:24 pipeline.go:110: [DEBUG] Worker 0 stopping
2026/02/18 12:55:24 pipeline.go:88: Pipeline Stopped.
2026/02/18 12:55:24 wallpaper.go:435: Wallpaper plugin deactivated.
2026/02/18 12:55:24 monitor_controller.go:118: [DEBUG] [Monitor 0] Stopping controller
2026/02/18 12:55:24 scheduler.go:57: Stopping nightly refresh checker.
2026/02/18 12:55:24 wallpaper.go:784: [DEBUG] [Sync] Stopping monitor watcher (Context Cancelled)
--- PASS: TestLifecycle_BlockPersistence (0.33s)
=== RUN   TestLifecycle_HappyPath
2026/02/18 12:55:24 wallpaper.go:359: Monitor Actor 0 started: Primary (0,0)-(1920,1080)
2026/02/18 12:55:24 pipeline.go:71: Starting Pipeline with 1 workers
2026/02/18 12:55:24 wallpaper.go:669: [DEBUG] Dispatching command 5 to monitor -1
2026/02/18 12:55:24 wallpaper.go:676: [DEBUG] Command 5 sent to monitor 0 buffer
2026/02/18 12:55:24 wallpaper.go:397: [DEBUG] Activate: Requesting Tray Menu Rebuild to include discovered monitors...
2026/02/18 12:55:24 fetch_logic.go:18: Starting image fetch from active queries...
2026/02/18 12:55:24 fetch_logic.go:103: Fetch returned 0 new images from all active queries.
2026/02/18 12:55:24 fetch_logic.go:106: Fetch cycle completed.
2026/02/18 12:55:24 monitor_controller.go:110: [DEBUG] [Monitor 0] Controller started
2026/02/18 12:55:24 monitor_controller.go:134: [DEBUG] [Monitor 0] Actor received command 5 (Pending: 0)
2026/02/18 12:55:24 monitor_controller.go:222: [DEBUG] [Monitor 0] Updating shuffle state...
2026/02/18 12:55:24 pipeline.go:105: [DEBUG] Worker 0 started
2026/02/18 12:55:24 scheduler.go:20: Starting nightly refresh checker...
2026/02/18 12:55:24 scheduler.go:70: Initial refresh check at 2026-02-18T12:55:24+01:00
2026/02/18 12:55:24 scheduler.go:77: Initial check: Current time (12:55PM) is not post-midnight. Setting last refresh day to 18.
2026/02/18 12:55:24 wallpaper.go:444: [DEBUG] SetNextWallpaper called for monitor -1 (Force immediate: true)
2026/02/18 12:55:24 wallpaper.go:669: [DEBUG] Dispatching command 0 to monitor 0
2026/02/18 12:55:24 wallpaper.go:685: [DEBUG] Command 0 sent to monitor 0 buffer
2026/02/18 12:55:24 monitor_controller.go:134: [DEBUG] [Monitor 0] Actor received command 0 (Pending: 0)
2026/02/18 12:55:24 monitor_controller.go:184: [Monitor 0] Bucket size changed (0 -> 1). Rebuilding shuffle.
2026/02/18 12:55:24 fetch_logic.go:18: Starting image fetch from active queries...
2026/02/18 12:55:24 fetch_logic.go:103: Fetch returned 0 new images from all active queries.
2026/02/18 12:55:24 fetch_logic.go:106: Fetch cycle completed.
2026/02/18 12:55:24 monitor_controller.go:286: [DEBUG] [Monitor 0] Found exact resolution match: 1920x1080
2026/02/18 12:55:24 monitor_controller.go:314: [Monitor 0] Setting wallpaper: C:\Users\karlk\AppData\Local\Temp\TestLifecycle_HappyPath3121804280\002\happy.jpg
2026/02/18 12:55:24 monitor_controller.go:321: [DEBUG] [Monitor 0] Triggering async UI refresh for C:\Users\karlk\AppData\Local\Temp\TestLifecycle_HappyPath3121804280\002\happy.jpg
2026/02/18 12:55:24 wallpaper.go:402: Deactivating wallpaper plugin...
2026/02/18 12:55:24 wallpaper.go:408: Nightly refresh stop signal sent and channel cleared.
2026/02/18 12:55:24 wallpaper.go:412: Wallpaper change ticker stopped.
2026/02/18 12:55:24 wallpaper.go:298: Stopping all workers...
2026/02/18 12:55:24 pipeline.go:84: Stopping Pipeline...
2026/02/18 12:55:24 scheduler.go:57: Stopping nightly refresh checker.
2026/02/18 12:55:24 wallpaper.go:784: [DEBUG] [Sync] Stopping monitor watcher (Context Cancelled)
2026/02/18 12:55:24 pipeline.go:110: [DEBUG] Worker 0 stopping
2026/02/18 12:55:24 pipeline.go:88: Pipeline Stopped.
2026/02/18 12:55:24 wallpaper.go:435: Wallpaper plugin deactivated.
2026/02/18 12:55:24 monitor_controller.go:118: [DEBUG] [Monitor 0] Stopping controller
--- PASS: TestLifecycle_HappyPath (0.11s)
=== RUN   TestMonitorController_Initialization
--- PASS: TestMonitorController_Initialization (0.00s)
=== RUN   TestMonitorController_ProcessNext
2026/02/18 12:55:24 monitor_controller.go:110: [DEBUG] [Monitor 1] Controller started
2026/02/18 12:55:24 monitor_controller.go:134: [DEBUG] [Monitor 1] Actor received command 0 (Pending: 0)
2026/02/18 12:55:24 monitor_controller.go:314: [Monitor 1] Setting wallpaper: img0.jpg
--- PASS: TestMonitorController_ProcessNext (0.10s)
=== RUN   TestMonitorController_ResolutionAwarePath
2026/02/18 12:55:24 monitor_controller.go:118: [DEBUG] [Monitor 1] Stopping controller
2026/02/18 12:55:24 monitor_controller.go:110: [DEBUG] [Monitor 1] Controller started
2026/02/18 12:55:24 monitor_controller.go:134: [DEBUG] [Monitor 1] Actor received command 0 (Pending: 0)
2026/02/18 12:55:24 monitor_controller.go:286: [DEBUG] [Monitor 1] Found exact resolution match: 1920x1080
2026/02/18 12:55:24 monitor_controller.go:314: [Monitor 1] Setting wallpaper: hd.jpg
--- PASS: TestMonitorController_ResolutionAwarePath (0.10s)
=== RUN   TestMonitorController_HistoryPrev
2026/02/18 12:55:24 monitor_controller.go:118: [DEBUG] [Monitor 1] Stopping controller
2026/02/18 12:55:24 monitor_controller.go:110: [DEBUG] [Monitor 1] Controller started
2026/02/18 12:55:24 monitor_controller.go:134: [DEBUG] [Monitor 1] Actor received command 1 (Pending: 0)
2026/02/18 12:55:24 monitor_controller.go:314: [Monitor 1] Setting wallpaper: img0.jpg
--- PASS: TestMonitorController_HistoryPrev (0.10s)
=== RUN   TestMonitorController_Delete
--- PASS: TestMonitorController_Delete (0.00s)
=== RUN   TestChromeOS_SetWallpaper_NoBridge
--- PASS: TestChromeOS_SetWallpaper_NoBridge (0.00s)
=== RUN   TestChromeOS_SetWallpaper_WithBridge
--- PASS: TestChromeOS_SetWallpaper_WithBridge (0.00s)
=== RUN   TestChromeOS_SetWallpaper_BridgeError
--- PASS: TestChromeOS_SetWallpaper_BridgeError (0.00s)
=== RUN   TestChromeOS_GetDesktopDimension
--- PASS: TestChromeOS_GetDesktopDimension (0.00s)
=== RUN   TestSetShuffleImage_Persists
2026/02/18 12:55:24 monitor_controller.go:118: [DEBUG] [Monitor 1] Stopping controller
2026/02/18 12:55:24 config_migrations.go:63: Migration: Adding missing Favorites query to configuration.
2026/02/18 12:55:24 config_migrations.go:193: Migration: Pruning stale Favorites query: d3f6168df579adf5
2026/02/18 12:55:24 config_migrations.go:216: Migration: Updating query ID for Wikimedia: 9fc4dfc7bec4bfef -> 171476e9ef61bf61
2026/02/18 12:55:24 config_migrations.go:216: Migration: Updating query ID for MetMuseum: 1af8a9b1bde8746f -> c8c71a3d82e22e53
2026/02/18 12:55:24 config_migrations.go:216: Migration: Updating query ID for ArtInstituteChicago: cc828506342aa6ce -> be97336e378051fc
2026/02/18 12:55:24 config_migrations.go:216: Migration: Updating query ID for Wallhaven: c8f866a2289a51fc -> 8fe4b61069a9d4da
2026/02/18 12:55:24 config_migrations.go:216: Migration: Updating query ID for Wallhaven: 66390310e09f0e61 -> 0547686c1bfe3157
2026/02/18 12:55:24 wallpaper.go:669: [DEBUG] Dispatching command 5 to monitor -1
2026/02/18 12:55:24 wallpaper.go:669: [DEBUG] Dispatching command 5 to monitor -1
--- PASS: TestSetShuffleImage_Persists (0.00s)
=== RUN   TestTogglePause_Persists
2026/02/18 12:55:24 config_migrations.go:63: Migration: Adding missing Favorites query to configuration.
2026/02/18 12:55:24 config_migrations.go:193: Migration: Pruning stale Favorites query: d3f6168df579adf5
2026/02/18 12:55:24 config_migrations.go:216: Migration: Updating query ID for Wikimedia: 9fc4dfc7bec4bfef -> 171476e9ef61bf61
2026/02/18 12:55:24 config_migrations.go:216: Migration: Updating query ID for MetMuseum: 1af8a9b1bde8746f -> c8c71a3d82e22e53
2026/02/18 12:55:24 config_migrations.go:216: Migration: Updating query ID for ArtInstituteChicago: cc828506342aa6ce -> be97336e378051fc
2026/02/18 12:55:24 config_migrations.go:216: Migration: Updating query ID for Wallhaven: c8f866a2289a51fc -> 8fe4b61069a9d4da
2026/02/18 12:55:24 config_migrations.go:216: Migration: Updating query ID for Wallhaven: 66390310e09f0e61 -> 0547686c1bfe3157
--- PASS: TestTogglePause_Persists (0.00s)
=== RUN   TestProviderRegistry
--- PASS: TestProviderRegistry (0.00s)
=== RUN   TestGetUniqueResolutions
--- PASS: TestGetUniqueResolutions (0.00s)
=== RUN   TestGetDerivativePath
--- PASS: TestGetDerivativePath (0.00s)
=== RUN   TestFitImage_Protection_Strategies
=== RUN   TestFitImage_Protection_Strategies/Strategy_Off_ReturnsOriginal
=== RUN   TestFitImage_Protection_Strategies/Strategy_Quality_RejectsBadAspect
=== RUN   TestFitImage_Protection_Strategies/Strategy_Flexibility_LowEnergy_Fallback
2026/02/18 12:55:24 smart_image_processor.go:185: [DEBUG] SmartFit [Flexibility]: Check (Src: 200x200, Tgt: 100x100, Surplus: 2.00, DynamicThreshold: 0.50, Diff: 0.00)
--- PASS: TestFitImage_Protection_Strategies (0.00s)
    --- PASS: TestFitImage_Protection_Strategies/Strategy_Off_ReturnsOriginal (0.00s)
    --- PASS: TestFitImage_Protection_Strategies/Strategy_Quality_RejectsBadAspect (0.00s)
    --- PASS: TestFitImage_Protection_Strategies/Strategy_Flexibility_LowEnergy_Fallback (0.00s)
=== RUN   TestSmartImageProcessor_FitImage
2026/02/18 12:55:24 config_migrations.go:63: Migration: Adding missing Favorites query to configuration.
2026/02/18 12:55:24 config_migrations.go:193: Migration: Pruning stale Favorites query: d3f6168df579adf5
2026/02/18 12:55:24 config_migrations.go:216: Migration: Updating query ID for Wikimedia: 9fc4dfc7bec4bfef -> 171476e9ef61bf61
2026/02/18 12:55:24 config_migrations.go:216: Migration: Updating query ID for MetMuseum: 1af8a9b1bde8746f -> c8c71a3d82e22e53
2026/02/18 12:55:24 config_migrations.go:216: Migration: Updating query ID for ArtInstituteChicago: cc828506342aa6ce -> be97336e378051fc
2026/02/18 12:55:24 config_migrations.go:216: Migration: Updating query ID for Wallhaven: c8f866a2289a51fc -> 8fe4b61069a9d4da
2026/02/18 12:55:24 config_migrations.go:216: Migration: Updating query ID for Wallhaven: 66390310e09f0e61 -> 0547686c1bfe3157
=== RUN   TestSmartImageProcessor_FitImage/FitImage_Resize
=== RUN   TestSmartImageProcessor_FitImage/FitImage_Crop
2026/02/18 12:55:24 smart_image_processor.go:288: [DEBUG] SmartFit [Quality]: Accepted (Diff 0.78 <= 2.00)
2026/02/18 12:55:24 crop_strategies.go:68: [DEBUG] SmartFit: Using Entropy Crop.
2026/02/18 12:55:24 smart_image_processor.go:557: [DEBUG] Smart Pan: ImgBounds (0,0)-(2000,2000), TargetAspect 1.78, SmartCenter (1000,1322)
2026/02/18 12:55:24 smart_image_processor.go:558: [DEBUG] Smart Pan: Calculated Max Crop 2000x1125
2026/02/18 12:55:24 smart_image_processor.go:559: [DEBUG] Smart Pan: Final Crop (0,760)-(2000,1885) (Size: 2000x1125)
=== RUN   TestSmartImageProcessor_FitImage/FitImage_SmartFitDisabled
--- PASS: TestSmartImageProcessor_FitImage (0.03s)
    --- PASS: TestSmartImageProcessor_FitImage/FitImage_Resize (0.01s)
    --- PASS: TestSmartImageProcessor_FitImage/FitImage_Crop (0.02s)
    --- PASS: TestSmartImageProcessor_FitImage/FitImage_SmartFitDisabled (0.00s)
=== RUN   TestFaceDetection
2026/02/18 12:55:24 config_migrations.go:63: Migration: Adding missing Favorites query to configuration.
2026/02/18 12:55:24 config_migrations.go:193: Migration: Pruning stale Favorites query: d3f6168df579adf5
2026/02/18 12:55:24 config_migrations.go:216: Migration: Updating query ID for Wikimedia: 9fc4dfc7bec4bfef -> 171476e9ef61bf61
2026/02/18 12:55:24 config_migrations.go:216: Migration: Updating query ID for MetMuseum: 1af8a9b1bde8746f -> c8c71a3d82e22e53
2026/02/18 12:55:24 config_migrations.go:216: Migration: Updating query ID for ArtInstituteChicago: cc828506342aa6ce -> be97336e378051fc
2026/02/18 12:55:24 config_migrations.go:216: Migration: Updating query ID for Wallhaven: c8f866a2289a51fc -> 8fe4b61069a9d4da
2026/02/18 12:55:24 config_migrations.go:216: Migration: Updating query ID for Wallhaven: 66390310e09f0e61 -> 0547686c1bfe3157
2026/02/18 12:55:25 smart_image_processor.go:557: [DEBUG] Smart Pan: ImgBounds (0,0)-(1024,1024), TargetAspect 1.00, SmartCenter (514,493)
2026/02/18 12:55:25 smart_image_processor.go:558: [DEBUG] Smart Pan: Calculated Max Crop 1024x1024
2026/02/18 12:55:25 smart_image_processor.go:559: [DEBUG] Smart Pan: Final Crop (0,0)-(1024,1024) (Size: 1024x1024)
--- PASS: TestFaceDetection (0.78s)
=== RUN   TestSmartImageProcessor_FitImage_Flexibility_DualSafety
2026/02/18 12:55:25 config_migrations.go:63: Migration: Adding missing Favorites query to configuration.
2026/02/18 12:55:25 config_migrations.go:193: Migration: Pruning stale Favorites query: d3f6168df579adf5
2026/02/18 12:55:25 config_migrations.go:216: Migration: Updating query ID for Wikimedia: 9fc4dfc7bec4bfef -> 171476e9ef61bf61
2026/02/18 12:55:25 config_migrations.go:216: Migration: Updating query ID for MetMuseum: 1af8a9b1bde8746f -> c8c71a3d82e22e53
2026/02/18 12:55:25 config_migrations.go:216: Migration: Updating query ID for ArtInstituteChicago: cc828506342aa6ce -> be97336e378051fc
2026/02/18 12:55:25 config_migrations.go:216: Migration: Updating query ID for Wallhaven: c8f866a2289a51fc -> 8fe4b61069a9d4da
2026/02/18 12:55:25 config_migrations.go:216: Migration: Updating query ID for Wallhaven: 66390310e09f0e61 -> 0547686c1bfe3157
=== RUN   TestSmartImageProcessor_FitImage_Flexibility_DualSafety/EnergyCheck_LowEnergy_CenterFallback
2026/02/18 12:55:25 smart_image_processor.go:185: [DEBUG] SmartFit [Flexibility]: Check (Src: 1000x1000, Tgt: 160x90, Surplus: 6.25, DynamicThreshold: 1.50, Diff: 0.78)
2026/02/18 12:55:25 smart_image_processor.go:305: [DEBUG] SmartFit [Flexibility]: Energy 0.0000 too low (Flat Image). Fallback to Center.
2026/02/18 12:55:25 smart_image_processor.go:557: [DEBUG] Smart Pan: ImgBounds (0,0)-(1000,1000), TargetAspect 1.78, SmartCenter (500,500)
2026/02/18 12:55:25 smart_image_processor.go:558: [DEBUG] Smart Pan: Calculated Max Crop 1000x562
2026/02/18 12:55:25 smart_image_processor.go:559: [DEBUG] Smart Pan: Final Crop (0,219)-(1000,781) (Size: 1000x562)
=== RUN   TestSmartImageProcessor_FitImage_Flexibility_DualSafety/FeetGuard_BottomHugging_CenterFallback
2026/02/18 12:55:25 smart_image_processor.go:185: [DEBUG] SmartFit [Flexibility]: Check (Src: 1000x1000, Tgt: 160x90, Surplus: 6.25, DynamicThreshold: 1.50, Diff: 0.78)
2026/02/18 12:55:25 crop_strategies.go:68: [DEBUG] SmartFit: Using Entropy Crop.
2026/02/18 12:55:25 crop_strategies.go:119: [DEBUG] SmartFit [Flexibility]: Relaxing Slack Guard for High Energy (0.2391)
2026/02/18 12:55:25 smart_image_processor.go:557: [DEBUG] Smart Pan: ImgBounds (0,0)-(1000,1000), TargetAspect 1.78, SmartCenter (550,732)
2026/02/18 12:55:25 smart_image_processor.go:558: [DEBUG] Smart Pan: Calculated Max Crop 1000x562
2026/02/18 12:55:25 smart_image_processor.go:559: [DEBUG] Smart Pan: Final Crop (0,438)-(1000,1000) (Size: 1000x562)
=== RUN   TestSmartImageProcessor_FitImage_Flexibility_DualSafety/Pass_HighEnergy_CentralSubject
2026/02/18 12:55:25 smart_image_processor.go:185: [DEBUG] SmartFit [Flexibility]: Check (Src: 1000x1000, Tgt: 160x90, Surplus: 6.25, DynamicThreshold: 1.50, Diff: 0.78)
2026/02/18 12:55:25 crop_strategies.go:68: [DEBUG] SmartFit: Using Entropy Crop.
2026/02/18 12:55:25 smart_image_processor.go:557: [DEBUG] Smart Pan: ImgBounds (0,0)-(1000,1000), TargetAspect 1.78, SmartCenter (450,512)
2026/02/18 12:55:25 smart_image_processor.go:558: [DEBUG] Smart Pan: Calculated Max Crop 1000x562
2026/02/18 12:55:25 smart_image_processor.go:559: [DEBUG] Smart Pan: Final Crop (0,231)-(1000,793) (Size: 1000x562)
=== RUN   TestSmartImageProcessor_FitImage_Flexibility_DualSafety/FeetGuard_BoxyImage_SlackAware_CenterFallback
2026/02/18 12:55:25 smart_image_processor.go:185: [DEBUG] SmartFit [Flexibility]: Check (Src: 1000x800, Tgt: 160x90, Surplus: 6.25, DynamicThreshold: 1.50, Diff: 0.53)
2026/02/18 12:55:25 crop_strategies.go:68: [DEBUG] SmartFit: Using Entropy Crop.
2026/02/18 12:55:25 crop_strategies.go:119: [DEBUG] SmartFit [Flexibility]: Relaxing Slack Guard for High Energy (0.2818)
2026/02/18 12:55:25 smart_image_processor.go:557: [DEBUG] Smart Pan: ImgBounds (0,0)-(1000,800), TargetAspect 1.78, SmartCenter (546,508)
2026/02/18 12:55:25 smart_image_processor.go:558: [DEBUG] Smart Pan: Calculated Max Crop 1000x562
2026/02/18 12:55:25 smart_image_processor.go:559: [DEBUG] Smart Pan: Final Crop (0,227)-(1000,789) (Size: 1000x562)
--- PASS: TestSmartImageProcessor_FitImage_Flexibility_DualSafety (0.10s)
    --- PASS: TestSmartImageProcessor_FitImage_Flexibility_DualSafety/EnergyCheck_LowEnergy_CenterFallback (0.00s)
    --- PASS: TestSmartImageProcessor_FitImage_Flexibility_DualSafety/FeetGuard_BottomHugging_CenterFallback (0.03s)
    --- PASS: TestSmartImageProcessor_FitImage_Flexibility_DualSafety/Pass_HighEnergy_CentralSubject (0.03s)
    --- PASS: TestSmartImageProcessor_FitImage_Flexibility_DualSafety/FeetGuard_BoxyImage_SlackAware_CenterFallback (0.04s)
=== RUN   TestSmartImageProcessor_FitImage_Quality_Rejection
2026/02/18 12:55:25 config_migrations.go:63: Migration: Adding missing Favorites query to configuration.
2026/02/18 12:55:25 config_migrations.go:193: Migration: Pruning stale Favorites query: d3f6168df579adf5
2026/02/18 12:55:25 config_migrations.go:216: Migration: Updating query ID for Wikimedia: 9fc4dfc7bec4bfef -> 171476e9ef61bf61
2026/02/18 12:55:25 config_migrations.go:216: Migration: Updating query ID for MetMuseum: 1af8a9b1bde8746f -> c8c71a3d82e22e53
2026/02/18 12:55:25 config_migrations.go:216: Migration: Updating query ID for ArtInstituteChicago: cc828506342aa6ce -> be97336e378051fc
2026/02/18 12:55:25 config_migrations.go:216: Migration: Updating query ID for Wallhaven: c8f866a2289a51fc -> 8fe4b61069a9d4da
2026/02/18 12:55:25 config_migrations.go:216: Migration: Updating query ID for Wallhaven: 66390310e09f0e61 -> 0547686c1bfe3157
2026/02/18 12:55:25 smart_image_processor.go:215: [DEBUG] FitImage: incompatible orientation for Quality mode (Diff 0.98 > 0.5)
--- PASS: TestSmartImageProcessor_FitImage_Quality_Rejection (0.00s)
=== RUN   TestSmartImageProcessor_FitImage_Quality_Rescue
2026/02/18 12:55:25 config_migrations.go:63: Migration: Adding missing Favorites query to configuration.
2026/02/18 12:55:25 config_migrations.go:193: Migration: Pruning stale Favorites query: d3f6168df579adf5
2026/02/18 12:55:25 config_migrations.go:216: Migration: Updating query ID for Wikimedia: 9fc4dfc7bec4bfef -> 171476e9ef61bf61
2026/02/18 12:55:25 config_migrations.go:216: Migration: Updating query ID for MetMuseum: 1af8a9b1bde8746f -> c8c71a3d82e22e53
2026/02/18 12:55:25 config_migrations.go:216: Migration: Updating query ID for ArtInstituteChicago: cc828506342aa6ce -> be97336e378051fc
2026/02/18 12:55:25 config_migrations.go:216: Migration: Updating query ID for Wallhaven: c8f866a2289a51fc -> 8fe4b61069a9d4da
2026/02/18 12:55:25 config_migrations.go:216: Migration: Updating query ID for Wallhaven: 66390310e09f0e61 -> 0547686c1bfe3157
2026/02/18 12:55:26 smart_image_processor.go:277: [DEBUG] Face Logic: Found face (Q:250.4)
2026/02/18 12:55:26 smart_image_processor.go:294: [DEBUG] SmartFit [Quality]: EXCEPTION! Image preserved despite Aspect Diff 1.33 (> 0.90) due to Strong Face (Q=250.4)
2026/02/18 12:55:26 crop_strategies.go:30: [DEBUG] Face Logic: Hard Crop Clean (Rect: (0,274)-(1024,712))
--- PASS: TestSmartImageProcessor_FitImage_Quality_Rescue (0.79s)
=== RUN   TestSmartImageProcessor_FitImage_RespectsTargetRatio
2026/02/18 12:55:26 config_migrations.go:63: Migration: Adding missing Favorites query to configuration.
2026/02/18 12:55:26 config_migrations.go:193: Migration: Pruning stale Favorites query: d3f6168df579adf5
2026/02/18 12:55:26 config_migrations.go:216: Migration: Updating query ID for Wikimedia: 9fc4dfc7bec4bfef -> 171476e9ef61bf61
2026/02/18 12:55:26 config_migrations.go:216: Migration: Updating query ID for MetMuseum: 1af8a9b1bde8746f -> c8c71a3d82e22e53
2026/02/18 12:55:26 config_migrations.go:216: Migration: Updating query ID for ArtInstituteChicago: cc828506342aa6ce -> be97336e378051fc
2026/02/18 12:55:26 config_migrations.go:216: Migration: Updating query ID for Wallhaven: c8f866a2289a51fc -> 8fe4b61069a9d4da
2026/02/18 12:55:26 config_migrations.go:216: Migration: Updating query ID for Wallhaven: 66390310e09f0e61 -> 0547686c1bfe3157
2026/02/18 12:55:26 smart_image_processor.go:288: [DEBUG] SmartFit [Quality]: Accepted (Diff 0.78 <= 0.90)
2026/02/18 12:55:26 crop_strategies.go:68: [DEBUG] SmartFit: Using Entropy Crop.
2026/02/18 12:55:26 smart_image_processor.go:557: [DEBUG] Smart Pan: ImgBounds (0,0)-(4000,4000), TargetAspect 1.78, SmartCenter (2000,2645)
2026/02/18 12:55:26 smart_image_processor.go:558: [DEBUG] Smart Pan: Calculated Max Crop 4000x2250
2026/02/18 12:55:26 smart_image_processor.go:559: [DEBUG] Smart Pan: Final Crop (0,1520)-(4000,3770) (Size: 4000x2250)
2026/02/18 12:55:26 smart_image_processor.go:288: [DEBUG] SmartFit [Quality]: Accepted (Diff 0.44 <= 0.90)
2026/02/18 12:55:26 crop_strategies.go:68: [DEBUG] SmartFit: Using Entropy Crop.
2026/02/18 12:55:26 smart_image_processor.go:557: [DEBUG] Smart Pan: ImgBounds (0,0)-(4000,4000), TargetAspect 0.56, SmartCenter (1845,2000)
2026/02/18 12:55:26 smart_image_processor.go:558: [DEBUG] Smart Pan: Calculated Max Crop 2250x4000
2026/02/18 12:55:26 smart_image_processor.go:559: [DEBUG] Smart Pan: Final Crop (720,0)-(2970,4000) (Size: 2250x4000)
--- PASS: TestSmartImageProcessor_FitImage_RespectsTargetRatio (0.20s)
=== RUN   TestStrictSync_LegacySafety
2026/02/18 12:55:26 store.go:578: [Sync] Completed. Final Count: 1. Deleting: 0. Invalidating: 0.
--- PASS: TestStrictSync_LegacySafety (0.01s)
=== RUN   TestStrictSync_UncheckAll
2026/02/18 12:55:26 store.go:592: [Sync] Marking img1 for deletion. Orphan: false, ActiveSource: false (SourceID: 'q1')
2026/02/18 12:55:26 store.go:592: [Sync] Marking img2 for deletion. Orphan: true, ActiveSource: false (SourceID: '')
2026/02/18 12:55:26 store.go:578: [Sync] Completed. Final Count: 0. Deleting: 2. Invalidating: 0.
2026/02/18 12:55:26 store.go:580: [Sync] Deleting IDs: [img1 img2]
2026/02/18 12:55:26 file_manager.go:106: [DeepDelete] Requested for ID: img1
2026/02/18 12:55:26 file_manager.go:135: [DEBUG] DeepDelete: Found Master file C:\Users\karlk\AppData\Local\Temp\TestStrictSync_UncheckAll794016022\001\img1.jpg
2026/02/18 12:55:26 file_manager.go:140: [DEBUG] DeepDelete: Scanning fitted root C:\Users\karlk\AppData\Local\Temp\TestStrictSync_UncheckAll794016022\001\fitted for ID img1
2026/02/18 12:55:26 file_manager.go:144: DeepDelete: Error accessing path C:\Users\karlk\AppData\Local\Temp\TestStrictSync_UncheckAll794016022\001\fitted: GetFileAttributesEx C:\Users\karlk\AppData\Local\Temp\TestStrictSync_UncheckAll794016022\001\fitted: The system cannot find the file specified.
2026/02/18 12:55:26 file_manager.go:162: [DEBUG] DeepDelete: Total files to delete for img1: 1
2026/02/18 12:55:26 file_manager.go:173: [DEBUG] DeepDelete: Successfully deleted C:\Users\karlk\AppData\Local\Temp\TestStrictSync_UncheckAll794016022\001\img1.jpg
2026/02/18 12:55:26 file_manager.go:106: [DeepDelete] Requested for ID: img2
2026/02/18 12:55:26 file_manager.go:135: [DEBUG] DeepDelete: Found Master file C:\Users\karlk\AppData\Local\Temp\TestStrictSync_UncheckAll794016022\001\img2.jpg
2026/02/18 12:55:26 file_manager.go:140: [DEBUG] DeepDelete: Scanning fitted root C:\Users\karlk\AppData\Local\Temp\TestStrictSync_UncheckAll794016022\001\fitted for ID img2
2026/02/18 12:55:26 file_manager.go:144: DeepDelete: Error accessing path C:\Users\karlk\AppData\Local\Temp\TestStrictSync_UncheckAll794016022\001\fitted: GetFileAttributesEx C:\Users\karlk\AppData\Local\Temp\TestStrictSync_UncheckAll794016022\001\fitted: The system cannot find the file specified.
2026/02/18 12:55:26 file_manager.go:162: [DEBUG] DeepDelete: Total files to delete for img2: 1
2026/02/18 12:55:26 file_manager.go:173: [DEBUG] DeepDelete: Successfully deleted C:\Users\karlk\AppData\Local\Temp\TestStrictSync_UncheckAll794016022\001\img2.jpg
--- PASS: TestStrictSync_UncheckAll (0.12s)
=== RUN   TestStrictSync_MixedState
2026/02/18 12:55:26 store.go:592: [Sync] Marking img2 for deletion. Orphan: false, ActiveSource: false (SourceID: 'qB')
2026/02/18 12:55:26 store.go:592: [Sync] Marking img4 for deletion. Orphan: true, ActiveSource: false (SourceID: '')
2026/02/18 12:55:26 store.go:578: [Sync] Completed. Final Count: 1. Deleting: 3. Invalidating: 0.
2026/02/18 12:55:26 store.go:580: [Sync] Deleting IDs: [img2 img3 img4]
2026/02/18 12:55:26 file_manager.go:106: [DeepDelete] Requested for ID: img2
2026/02/18 12:55:26 file_manager.go:135: [DEBUG] DeepDelete: Found Master file C:\Users\karlk\AppData\Local\Temp\TestStrictSync_MixedState3584103062\001\img2.jpg
2026/02/18 12:55:26 file_manager.go:140: [DEBUG] DeepDelete: Scanning fitted root C:\Users\karlk\AppData\Local\Temp\TestStrictSync_MixedState3584103062\001\fitted for ID img2
2026/02/18 12:55:26 file_manager.go:144: DeepDelete: Error accessing path C:\Users\karlk\AppData\Local\Temp\TestStrictSync_MixedState3584103062\001\fitted: GetFileAttributesEx C:\Users\karlk\AppData\Local\Temp\TestStrictSync_MixedState3584103062\001\fitted: The system cannot find the file specified.
2026/02/18 12:55:26 file_manager.go:162: [DEBUG] DeepDelete: Total files to delete for img2: 1
2026/02/18 12:55:26 file_manager.go:173: [DEBUG] DeepDelete: Successfully deleted C:\Users\karlk\AppData\Local\Temp\TestStrictSync_MixedState3584103062\001\img2.jpg
2026/02/18 12:55:26 file_manager.go:106: [DeepDelete] Requested for ID: img3
2026/02/18 12:55:26 file_manager.go:140: [DEBUG] DeepDelete: Scanning fitted root C:\Users\karlk\AppData\Local\Temp\TestStrictSync_MixedState3584103062\001\fitted for ID img3
2026/02/18 12:55:26 file_manager.go:144: DeepDelete: Error accessing path C:\Users\karlk\AppData\Local\Temp\TestStrictSync_MixedState3584103062\001\fitted: GetFileAttributesEx C:\Users\karlk\AppData\Local\Temp\TestStrictSync_MixedState3584103062\001\fitted: The system cannot find the file specified.
2026/02/18 12:55:26 file_manager.go:162: [DEBUG] DeepDelete: Total files to delete for img3: 0
2026/02/18 12:55:26 file_manager.go:106: [DeepDelete] Requested for ID: img4
2026/02/18 12:55:26 file_manager.go:135: [DEBUG] DeepDelete: Found Master file C:\Users\karlk\AppData\Local\Temp\TestStrictSync_MixedState3584103062\001\img4.jpg
2026/02/18 12:55:26 file_manager.go:140: [DEBUG] DeepDelete: Scanning fitted root C:\Users\karlk\AppData\Local\Temp\TestStrictSync_MixedState3584103062\001\fitted for ID img4
2026/02/18 12:55:26 file_manager.go:144: DeepDelete: Error accessing path C:\Users\karlk\AppData\Local\Temp\TestStrictSync_MixedState3584103062\001\fitted: GetFileAttributesEx C:\Users\karlk\AppData\Local\Temp\TestStrictSync_MixedState3584103062\001\fitted: The system cannot find the file specified.
2026/02/18 12:55:26 file_manager.go:162: [DEBUG] DeepDelete: Total files to delete for img4: 1
2026/02/18 12:55:26 file_manager.go:173: [DEBUG] DeepDelete: Successfully deleted C:\Users\karlk\AppData\Local\Temp\TestStrictSync_MixedState3584103062\001\img4.jpg
--- PASS: TestStrictSync_MixedState (0.13s)
=== RUN   TestStorePersistence
--- PASS: TestStorePersistence (0.02s)
=== RUN   TestStore_Persistence_Debounce
--- PASS: TestStore_Persistence_Debounce (0.41s)
=== RUN   TestStoreSync_Validation
2026/02/18 12:55:27 store.go:578: [Sync] Completed. Final Count: 1. Deleting: 1. Invalidating: 0.
2026/02/18 12:55:27 store.go:580: [Sync] Deleting IDs: [img2]
2026/02/18 12:55:27 file_manager.go:106: [DeepDelete] Requested for ID: img2
2026/02/18 12:55:27 file_manager.go:140: [DEBUG] DeepDelete: Scanning fitted root C:\Users\karlk\AppData\Local\Temp\TestStoreSync_Validation783945094\001\fitted for ID img2
2026/02/18 12:55:27 file_manager.go:144: DeepDelete: Error accessing path C:\Users\karlk\AppData\Local\Temp\TestStoreSync_Validation783945094\001\fitted: GetFileAttributesEx C:\Users\karlk\AppData\Local\Temp\TestStoreSync_Validation783945094\001\fitted: The system cannot find the file specified.
2026/02/18 12:55:27 file_manager.go:162: [DEBUG] DeepDelete: Total files to delete for img2: 0
--- PASS: TestStoreSync_Validation (0.01s)
=== RUN   TestStoreSync_Grooming
2026/02/18 12:55:27 store.go:578: [Sync] Completed. Final Count: 2. Deleting: 1. Invalidating: 0.
2026/02/18 12:55:27 store.go:580: [Sync] Deleting IDs: [oldest]
2026/02/18 12:55:27 file_manager.go:106: [DeepDelete] Requested for ID: oldest
2026/02/18 12:55:27 file_manager.go:135: [DEBUG] DeepDelete: Found Master file C:\Users\karlk\AppData\Local\Temp\TestStoreSync_Grooming1681294654\001\oldest.jpg
2026/02/18 12:55:27 file_manager.go:140: [DEBUG] DeepDelete: Scanning fitted root C:\Users\karlk\AppData\Local\Temp\TestStoreSync_Grooming1681294654\001\fitted for ID oldest
2026/02/18 12:55:27 file_manager.go:144: DeepDelete: Error accessing path C:\Users\karlk\AppData\Local\Temp\TestStoreSync_Grooming1681294654\001\fitted: GetFileAttributesEx C:\Users\karlk\AppData\Local\Temp\TestStoreSync_Grooming1681294654\001\fitted: The system cannot find the file specified.
2026/02/18 12:55:27 file_manager.go:162: [DEBUG] DeepDelete: Total files to delete for oldest: 1
2026/02/18 12:55:27 file_manager.go:173: [DEBUG] DeepDelete: Successfully deleted C:\Users\karlk\AppData\Local\Temp\TestStoreSync_Grooming1681294654\001\oldest.jpg
--- PASS: TestStoreSync_Grooming (0.12s)
=== RUN   TestStoreSync_CacheInvalidation
2026/02/18 12:55:27 store.go:578: [Sync] Completed. Final Count: 1. Deleting: 0. Invalidating: 1.
--- PASS: TestStoreSync_CacheInvalidation (0.01s)
=== RUN   TestGetKnownIDs
--- PASS: TestGetKnownIDs (0.00s)
=== RUN   TestRemoveByQueryID
2026/02/18 12:55:27 store.go:329: [RemoveByQueryID] Matched img1 (Source: q1). Queueing for deletion.
2026/02/18 12:55:27 store.go:329: [RemoveByQueryID] Matched img3 (Source: q1). Queueing for deletion.
2026/02/18 12:55:27 file_manager.go:106: [DeepDelete] Requested for ID: img3
2026/02/18 12:55:27 file_manager.go:106: [DeepDelete] Requested for ID: img1
2026/02/18 12:55:27 file_manager.go:135: [DEBUG] DeepDelete: Found Master file C:\Users\karlk\AppData\Local\Temp\TestRemoveByQueryID3830452426\001\img3.jpg
2026/02/18 12:55:27 file_manager.go:140: [DEBUG] DeepDelete: Scanning fitted root C:\Users\karlk\AppData\Local\Temp\TestRemoveByQueryID3830452426\001\fitted for ID img3
2026/02/18 12:55:27 file_manager.go:144: DeepDelete: Error accessing path C:\Users\karlk\AppData\Local\Temp\TestRemoveByQueryID3830452426\001\fitted: GetFileAttributesEx C:\Users\karlk\AppData\Local\Temp\TestRemoveByQueryID3830452426\001\fitted: The system cannot find the file specified.
2026/02/18 12:55:27 file_manager.go:162: [DEBUG] DeepDelete: Total files to delete for img3: 1
2026/02/18 12:55:27 file_manager.go:135: [DEBUG] DeepDelete: Found Master file C:\Users\karlk\AppData\Local\Temp\TestRemoveByQueryID3830452426\001\img1.jpg
2026/02/18 12:55:27 file_manager.go:140: [DEBUG] DeepDelete: Scanning fitted root C:\Users\karlk\AppData\Local\Temp\TestRemoveByQueryID3830452426\001\fitted for ID img1
2026/02/18 12:55:27 file_manager.go:144: DeepDelete: Error accessing path C:\Users\karlk\AppData\Local\Temp\TestRemoveByQueryID3830452426\001\fitted: GetFileAttributesEx C:\Users\karlk\AppData\Local\Temp\TestRemoveByQueryID3830452426\001\fitted: The system cannot find the file specified.
2026/02/18 12:55:27 file_manager.go:162: [DEBUG] DeepDelete: Total files to delete for img1: 1
2026/02/18 12:55:27 file_manager.go:173: [DEBUG] DeepDelete: Successfully deleted C:\Users\karlk\AppData\Local\Temp\TestRemoveByQueryID3830452426\001\img3.jpg
2026/02/18 12:55:27 file_manager.go:173: [DEBUG] DeepDelete: Successfully deleted C:\Users\karlk\AppData\Local\Temp\TestRemoveByQueryID3830452426\001\img1.jpg
--- PASS: TestRemoveByQueryID (0.12s)
=== RUN   TestStoreSync_StrictPruning
2026/02/18 12:55:27 store.go:592: [Sync] Marking img2 for deletion. Orphan: false, ActiveSource: false (SourceID: 'qB')
2026/02/18 12:55:27 store.go:592: [Sync] Marking img3 for deletion. Orphan: true, ActiveSource: false (SourceID: '')
2026/02/18 12:55:27 store.go:578: [Sync] Completed. Final Count: 1. Deleting: 2. Invalidating: 0.
2026/02/18 12:55:27 store.go:580: [Sync] Deleting IDs: [img2 img3]
2026/02/18 12:55:27 file_manager.go:106: [DeepDelete] Requested for ID: img2
2026/02/18 12:55:27 file_manager.go:135: [DEBUG] DeepDelete: Found Master file C:\Users\karlk\AppData\Local\Temp\TestStoreSync_StrictPruning1340407329\001\img2.jpg
2026/02/18 12:55:27 file_manager.go:140: [DEBUG] DeepDelete: Scanning fitted root C:\Users\karlk\AppData\Local\Temp\TestStoreSync_StrictPruning1340407329\001\fitted for ID img2
2026/02/18 12:55:27 file_manager.go:144: DeepDelete: Error accessing path C:\Users\karlk\AppData\Local\Temp\TestStoreSync_StrictPruning1340407329\001\fitted: GetFileAttributesEx C:\Users\karlk\AppData\Local\Temp\TestStoreSync_StrictPruning1340407329\001\fitted: The system cannot find the file specified.
2026/02/18 12:55:27 file_manager.go:162: [DEBUG] DeepDelete: Total files to delete for img2: 1
2026/02/18 12:55:27 file_manager.go:173: [DEBUG] DeepDelete: Successfully deleted C:\Users\karlk\AppData\Local\Temp\TestStoreSync_StrictPruning1340407329\001\img2.jpg
2026/02/18 12:55:27 file_manager.go:106: [DeepDelete] Requested for ID: img3
2026/02/18 12:55:27 file_manager.go:135: [DEBUG] DeepDelete: Found Master file C:\Users\karlk\AppData\Local\Temp\TestStoreSync_StrictPruning1340407329\001\img3.jpg
2026/02/18 12:55:27 file_manager.go:140: [DEBUG] DeepDelete: Scanning fitted root C:\Users\karlk\AppData\Local\Temp\TestStoreSync_StrictPruning1340407329\001\fitted for ID img3
2026/02/18 12:55:27 file_manager.go:144: DeepDelete: Error accessing path C:\Users\karlk\AppData\Local\Temp\TestStoreSync_StrictPruning1340407329\001\fitted: GetFileAttributesEx C:\Users\karlk\AppData\Local\Temp\TestStoreSync_StrictPruning1340407329\001\fitted: The system cannot find the file specified.
2026/02/18 12:55:27 file_manager.go:162: [DEBUG] DeepDelete: Total files to delete for img3: 1
2026/02/18 12:55:27 file_manager.go:173: [DEBUG] DeepDelete: Successfully deleted C:\Users\karlk\AppData\Local\Temp\TestStoreSync_StrictPruning1340407329\001\img3.jpg
--- PASS: TestStoreSync_StrictPruning (0.12s)
=== RUN   TestStore_LoadAvoidSet_And_Clear
--- PASS: TestStore_LoadAvoidSet_And_Clear (0.00s)
=== RUN   TestStore_ResolutionBuckets
--- PASS: TestStore_ResolutionBuckets (0.00s)
=== RUN   TestSyncMonitors_RefreshUI
2026/02/18 12:55:27 wallpaper.go:717: [Sync] Display setup analysis complete. Actions: 0
--- PASS: TestSyncMonitors_RefreshUI (0.00s)
=== RUN   TestDefaultTuningConfig
--- PASS: TestDefaultTuningConfig (0.00s)
=== RUN   TestSmartFitEnablesFaceOptions
2026/02/18 12:55:27 config_migrations.go:63: Migration: Adding missing Favorites query to configuration.
2026/02/18 12:55:27 config_migrations.go:193: Migration: Pruning stale Favorites query: d3f6168df579adf5
2026/02/18 12:55:27 config_migrations.go:216: Migration: Updating query ID for Wikimedia: 9fc4dfc7bec4bfef -> 171476e9ef61bf61
2026/02/18 12:55:27 config_migrations.go:216: Migration: Updating query ID for MetMuseum: 1af8a9b1bde8746f -> c8c71a3d82e22e53
2026/02/18 12:55:27 config_migrations.go:216: Migration: Updating query ID for ArtInstituteChicago: cc828506342aa6ce -> be97336e378051fc
2026/02/18 12:55:27 config_migrations.go:216: Migration: Updating query ID for Wallhaven: c8f866a2289a51fc -> 8fe4b61069a9d4da
2026/02/18 12:55:27 config_migrations.go:216: Migration: Updating query ID for Wallhaven: 66390310e09f0e61 -> 0547686c1bfe3157
--- PASS: TestSmartFitEnablesFaceOptions (0.08s)
=== RUN   TestDownloadAllImages
2026/02/18 12:55:27 config_migrations.go:63: Migration: Adding missing Favorites query to configuration.
2026/02/18 12:55:27 config_migrations.go:193: Migration: Pruning stale Favorites query: d3f6168df579adf5
2026/02/18 12:55:27 config_migrations.go:216: Migration: Updating query ID for Wikimedia: 9fc4dfc7bec4bfef -> 171476e9ef61bf61
2026/02/18 12:55:27 config_migrations.go:216: Migration: Updating query ID for MetMuseum: 1af8a9b1bde8746f -> c8c71a3d82e22e53
2026/02/18 12:55:27 config_migrations.go:216: Migration: Updating query ID for ArtInstituteChicago: cc828506342aa6ce -> be97336e378051fc
2026/02/18 12:55:27 config_migrations.go:216: Migration: Updating query ID for Wallhaven: c8f866a2289a51fc -> 8fe4b61069a9d4da
2026/02/18 12:55:27 config_migrations.go:216: Migration: Updating query ID for Wallhaven: 66390310e09f0e61 -> 0547686c1bfe3157
2026/02/18 12:55:27 pipeline.go:71: Starting Pipeline with 1 workers
2026/02/18 12:55:27 pipeline.go:105: [DEBUG] Worker 0 started
2026/02/18 12:55:27 fetch_logic.go:18: Starting image fetch from active queries...
2026/02/18 12:55:27 fetch_logic.go:48: Fetching from provider: Wallhaven (Query: Test Query, Page: 1)
2026/02/18 12:55:27 fetch_logic.go:59: [Fetch] Provider Wallhaven returned 1 images. Submitting to pipeline.
2026/02/18 12:55:27 fetch_logic.go:88: Query ab991860ee0ae0a0: Successfully queued 1 images. Incrementing to page 2
2026/02/18 12:55:27 fetch_logic.go:106: Fetch cycle completed.
2026/02/18 12:55:27 pipeline.go:84: Stopping Pipeline...
2026/02/18 12:55:27 pipeline.go:110: [DEBUG] Worker 0 stopping
2026/02/18 12:55:27 pipeline.go:88: Pipeline Stopped.
--- PASS: TestDownloadAllImages (0.11s)
=== RUN   TestDownloadAllImages_EnrichmentFailure
2026/02/18 12:55:27 config_migrations.go:63: Migration: Adding missing Favorites query to configuration.
2026/02/18 12:55:27 config_migrations.go:193: Migration: Pruning stale Favorites query: d3f6168df579adf5
2026/02/18 12:55:27 config_migrations.go:216: Migration: Updating query ID for Wikimedia: 9fc4dfc7bec4bfef -> 171476e9ef61bf61
2026/02/18 12:55:27 config_migrations.go:216: Migration: Updating query ID for MetMuseum: 1af8a9b1bde8746f -> c8c71a3d82e22e53
2026/02/18 12:55:27 config_migrations.go:216: Migration: Updating query ID for ArtInstituteChicago: cc828506342aa6ce -> be97336e378051fc
2026/02/18 12:55:27 config_migrations.go:216: Migration: Updating query ID for Wallhaven: c8f866a2289a51fc -> 8fe4b61069a9d4da
2026/02/18 12:55:27 config_migrations.go:216: Migration: Updating query ID for Wallhaven: 66390310e09f0e61 -> 0547686c1bfe3157
2026/02/18 12:55:27 pipeline.go:71: Starting Pipeline with 1 workers
2026/02/18 12:55:27 pipeline.go:105: [DEBUG] Worker 0 started
2026/02/18 12:55:27 fetch_logic.go:18: Starting image fetch from active queries...
2026/02/18 12:55:27 fetch_logic.go:34: Provider Wallhaven not found for query ab991860ee0ae0a0
2026/02/18 12:55:27 fetch_logic.go:103: Fetch returned 0 new images from all active queries.
2026/02/18 12:55:27 fetch_logic.go:106: Fetch cycle completed.
2026/02/18 12:55:28 pipeline.go:84: Stopping Pipeline...
2026/02/18 12:55:28 pipeline.go:110: [DEBUG] Worker 0 stopping
2026/02/18 12:55:28 pipeline.go:88: Pipeline Stopped.
--- PASS: TestDownloadAllImages_EnrichmentFailure (0.51s)
=== RUN   TestNavigation
2026/02/18 12:55:28 config_migrations.go:63: Migration: Adding missing Favorites query to configuration.
2026/02/18 12:55:28 config_migrations.go:193: Migration: Pruning stale Favorites query: d3f6168df579adf5
2026/02/18 12:55:28 config_migrations.go:216: Migration: Updating query ID for Wikimedia: 9fc4dfc7bec4bfef -> 171476e9ef61bf61
2026/02/18 12:55:28 config_migrations.go:216: Migration: Updating query ID for MetMuseum: 1af8a9b1bde8746f -> c8c71a3d82e22e53
2026/02/18 12:55:28 config_migrations.go:216: Migration: Updating query ID for ArtInstituteChicago: cc828506342aa6ce -> be97336e378051fc
2026/02/18 12:55:28 config_migrations.go:216: Migration: Updating query ID for Wallhaven: c8f866a2289a51fc -> 8fe4b61069a9d4da
2026/02/18 12:55:28 config_migrations.go:216: Migration: Updating query ID for Wallhaven: 66390310e09f0e61 -> 0547686c1bfe3157
2026/02/18 12:55:28 wallpaper.go:669: [DEBUG] Dispatching command 5 to monitor -1
2026/02/18 12:55:28 wallpaper.go:676: [DEBUG] Command 5 sent to monitor 0 buffer
2026/02/18 12:55:28 wallpaper.go:444: [DEBUG] SetNextWallpaper called for monitor -1 (Force immediate: true)
2026/02/18 12:55:28 wallpaper.go:669: [DEBUG] Dispatching command 0 to monitor 0
2026/02/18 12:55:28 wallpaper.go:685: [DEBUG] Command 0 sent to monitor 0 buffer
2026/02/18 12:55:28 monitor_controller.go:134: [DEBUG] [Monitor 0] Actor received command 5 (Pending: 1)
2026/02/18 12:55:28 monitor_controller.go:222: [DEBUG] [Monitor 0] Updating shuffle state...
    wallpaper_test.go:348: 
        	Error Trace:	C:/Users/karlk/development/Go/src/github.com/dixieflatline76/Spice/pkg/wallpaper/wallpaper_test.go:348
        	Error:      	Not equal: 
        	            	expected: "img1"
        	            	actual  : ""
        	            	
        	            	Diff:
        	            	--- Expected
        	            	+++ Actual
        	            	@@ -1 +1 @@
        	            	-img1
        	            	+
        	Test:       	TestNavigation
    wallpaper_test.go:349: 
        	Error Trace:	C:/Users/karlk/development/Go/src/github.com/dixieflatline76/Spice/pkg/wallpaper/wallpaper_test.go:349
        	Error:      	Should have called with given arguments
        	Test:       	TestNavigation
        	Messages:   	Expected "SetWallpaper" to have been called with:
        	            	[func(string) bool 0]
        	            	but no actual calls happened
2026/02/18 12:55:28 wallpaper.go:444: [DEBUG] SetNextWallpaper called for monitor -1 (Force immediate: true)
2026/02/18 12:55:28 wallpaper.go:669: [DEBUG] Dispatching command 0 to monitor 0
2026/02/18 12:55:28 wallpaper.go:685: [DEBUG] Command 0 sent to monitor 0 buffer
2026/02/18 12:55:28 monitor_controller.go:134: [DEBUG] [Monitor 0] Actor received command 0 (Pending: 1)
2026/02/18 12:55:28 monitor_controller.go:286: [DEBUG] [Monitor 0] Found exact resolution match: 1920x1080
2026/02/18 12:55:28 monitor_controller.go:314: [Monitor 0] Setting wallpaper: img1.jpg
    wallpaper_test.go:356: 
        	Error Trace:	C:/Users/karlk/development/Go/src/github.com/dixieflatline76/Spice/pkg/wallpaper/wallpaper_test.go:356
        	Error:      	Not equal: 
        	            	expected: "img2"
        	            	actual  : "img1"
        	            	
        	            	Diff:
        	            	--- Expected
        	            	+++ Actual
        	            	@@ -1 +1 @@
        	            	-img2
        	            	+img1
        	Test:       	TestNavigation
2026/02/18 12:55:28 wallpaper.go:444: [DEBUG] SetNextWallpaper called for monitor -1 (Force immediate: true)
2026/02/18 12:55:28 wallpaper.go:669: [DEBUG] Dispatching command 0 to monitor 0
2026/02/18 12:55:28 wallpaper.go:685: [DEBUG] Command 0 sent to monitor 0 buffer
2026/02/18 12:55:28 monitor_controller.go:134: [DEBUG] [Monitor 0] Actor received command 0 (Pending: 1)
2026/02/18 12:55:28 monitor_controller.go:286: [DEBUG] [Monitor 0] Found exact resolution match: 1920x1080
2026/02/18 12:55:28 monitor_controller.go:314: [Monitor 0] Setting wallpaper: img2.jpg
    wallpaper_test.go:361: 
        	Error Trace:	C:/Users/karlk/development/Go/src/github.com/dixieflatline76/Spice/pkg/wallpaper/wallpaper_test.go:361
        	Error:      	Not equal: 
        	            	expected: "img1"
        	            	actual  : "img2"
        	            	
        	            	Diff:
        	            	--- Expected
        	            	+++ Actual
        	            	@@ -1 +1 @@
        	            	-img1
        	            	+img2
        	Test:       	TestNavigation
--- FAIL: TestNavigation (0.02s)
=== RUN   TestTogglePause
2026/02/18 12:55:28 config_migrations.go:63: Migration: Adding missing Favorites query to configuration.
2026/02/18 12:55:28 config_migrations.go:193: Migration: Pruning stale Favorites query: d3f6168df579adf5
2026/02/18 12:55:28 config_migrations.go:216: Migration: Updating query ID for Wikimedia: 9fc4dfc7bec4bfef -> 171476e9ef61bf61
2026/02/18 12:55:28 config_migrations.go:216: Migration: Updating query ID for MetMuseum: 1af8a9b1bde8746f -> c8c71a3d82e22e53
2026/02/18 12:55:28 config_migrations.go:216: Migration: Updating query ID for ArtInstituteChicago: cc828506342aa6ce -> be97336e378051fc
2026/02/18 12:55:28 config_migrations.go:216: Migration: Updating query ID for Wallhaven: c8f866a2289a51fc -> 8fe4b61069a9d4da
2026/02/18 12:55:28 config_migrations.go:216: Migration: Updating query ID for Wallhaven: 66390310e09f0e61 -> 0547686c1bfe3157
--- PASS: TestTogglePause (0.00s)
=== RUN   TestGetInstance
--- PASS: TestGetInstance (0.00s)
=== RUN   TestSmartFitDisabled
2026/02/18 12:55:28 config_migrations.go:63: Migration: Adding missing Favorites query to configuration.
2026/02/18 12:55:28 config_migrations.go:193: Migration: Pruning stale Favorites query: d3f6168df579adf5
2026/02/18 12:55:28 config_migrations.go:216: Migration: Updating query ID for Wikimedia: 9fc4dfc7bec4bfef -> 171476e9ef61bf61
2026/02/18 12:55:28 config_migrations.go:216: Migration: Updating query ID for MetMuseum: 1af8a9b1bde8746f -> c8c71a3d82e22e53
2026/02/18 12:55:28 config_migrations.go:216: Migration: Updating query ID for ArtInstituteChicago: cc828506342aa6ce -> be97336e378051fc
2026/02/18 12:55:28 config_migrations.go:216: Migration: Updating query ID for Wallhaven: c8f866a2289a51fc -> 8fe4b61069a9d4da
2026/02/18 12:55:28 config_migrations.go:216: Migration: Updating query ID for Wallhaven: 66390310e09f0e61 -> 0547686c1bfe3157
--- PASS: TestSmartFitDisabled (0.00s)
=== RUN   TestDeleteCurrentImage_PersistsBlock
2026/02/18 12:55:28 config_migrations.go:63: Migration: Adding missing Favorites query to configuration.
2026/02/18 12:55:28 config_migrations.go:193: Migration: Pruning stale Favorites query: d3f6168df579adf5
2026/02/18 12:55:28 config_migrations.go:216: Migration: Updating query ID for Wikimedia: 9fc4dfc7bec4bfef -> 171476e9ef61bf61
2026/02/18 12:55:28 config_migrations.go:216: Migration: Updating query ID for MetMuseum: 1af8a9b1bde8746f -> c8c71a3d82e22e53
2026/02/18 12:55:28 config_migrations.go:216: Migration: Updating query ID for ArtInstituteChicago: cc828506342aa6ce -> be97336e378051fc
2026/02/18 12:55:28 config_migrations.go:216: Migration: Updating query ID for Wallhaven: c8f866a2289a51fc -> 8fe4b61069a9d4da
2026/02/18 12:55:28 config_migrations.go:216: Migration: Updating query ID for Wallhaven: 66390310e09f0e61 -> 0547686c1bfe3157
2026/02/18 12:55:28 wallpaper.go:499: [DEBUG] DeleteCurrentImage called for monitor 0
2026/02/18 12:55:28 wallpaper.go:669: [DEBUG] Dispatching command 2 to monitor 0
2026/02/18 12:55:28 wallpaper.go:685: [DEBUG] Command 2 sent to monitor 0 buffer
2026/02/18 12:55:28 monitor_controller.go:134: [DEBUG] [Monitor 0] Actor received command 2 (Pending: 0)
2026/02/18 12:55:28 monitor_controller.go:256: [Monitor 0] Deleting image delete_me
2026/02/18 12:55:28 file_manager.go:106: [DeepDelete] Requested for ID: delete_me
2026/02/18 12:55:28 monitor_controller.go:176: [Monitor 0] No images found for resolution 0x0. Waiting for fetch...
2026/02/18 12:55:28 file_manager.go:135: [DEBUG] DeepDelete: Found Master file C:\Users\karlk\AppData\Local\Temp\TestDeleteCurrentImage_PersistsBlock2325852268\001\delete_me.jpg
2026/02/18 12:55:28 file_manager.go:140: [DEBUG] DeepDelete: Scanning fitted root C:\Users\karlk\AppData\Local\Temp\TestDeleteCurrentImage_PersistsBlock2325852268\001\fitted for ID delete_me
2026/02/18 12:55:28 file_manager.go:162: [DEBUG] DeepDelete: Total files to delete for delete_me: 1
--- PASS: TestDeleteCurrentImage_PersistsBlock (0.02s)
=== RUN   TestBlockFlow_PreventsReDownload
2026/02/18 12:55:28 config_migrations.go:63: Migration: Adding missing Favorites query to configuration.
2026/02/18 12:55:28 config_migrations.go:193: Migration: Pruning stale Favorites query: d3f6168df579adf5
2026/02/18 12:55:28 config_migrations.go:216: Migration: Updating query ID for Wikimedia: 9fc4dfc7bec4bfef -> 171476e9ef61bf61
2026/02/18 12:55:28 config_migrations.go:216: Migration: Updating query ID for MetMuseum: 1af8a9b1bde8746f -> c8c71a3d82e22e53
2026/02/18 12:55:28 config_migrations.go:216: Migration: Updating query ID for ArtInstituteChicago: cc828506342aa6ce -> be97336e378051fc
2026/02/18 12:55:28 config_migrations.go:216: Migration: Updating query ID for Wallhaven: c8f866a2289a51fc -> 8fe4b61069a9d4da
2026/02/18 12:55:28 config_migrations.go:216: Migration: Updating query ID for Wallhaven: 66390310e09f0e61 -> 0547686c1bfe3157
--- PASS: TestBlockFlow_PreventsReDownload (0.00s)
=== RUN   TestOpenAddCollectionUI
--- PASS: TestOpenAddCollectionUI (0.00s)
=== RUN   TestOpenAddCollectionUI_InvalidProvider
--- PASS: TestOpenAddCollectionUI_InvalidProvider (0.00s)
=== RUN   TestOpenAddCollectionUI_CuratedSkipped
--- PASS: TestOpenAddCollectionUI_CuratedSkipped (0.00s)
=== RUN   TestGetProviderTitle
--- PASS: TestGetProviderTitle (0.00s)
=== RUN   TestAddQuery_InitializesPage
2026/02/18 12:55:28 config_migrations.go:63: Migration: Adding missing Favorites query to configuration.
2026/02/18 12:55:28 config_migrations.go:193: Migration: Pruning stale Favorites query: d3f6168df579adf5
2026/02/18 12:55:28 config_migrations.go:216: Migration: Updating query ID for Wikimedia: 9fc4dfc7bec4bfef -> 171476e9ef61bf61
2026/02/18 12:55:28 config_migrations.go:216: Migration: Updating query ID for MetMuseum: 1af8a9b1bde8746f -> c8c71a3d82e22e53
2026/02/18 12:55:28 config_migrations.go:216: Migration: Updating query ID for ArtInstituteChicago: cc828506342aa6ce -> be97336e378051fc
2026/02/18 12:55:28 config_migrations.go:216: Migration: Updating query ID for Wallhaven: c8f866a2289a51fc -> 8fe4b61069a9d4da
2026/02/18 12:55:28 config_migrations.go:216: Migration: Updating query ID for Wallhaven: 66390310e09f0e61 -> 0547686c1bfe3157
2026/02/18 12:55:28 fetch_logic.go:18: Starting image fetch from active queries...
2026/02/18 12:55:28 fetch_logic.go:48: Fetching from provider: Mock (Query: , Page: 1)
2026/02/18 12:55:28 fetch_logic.go:55: Provider Mock returned no new images.
2026/02/18 12:55:28 fetch_logic.go:103: Fetch returned 0 new images from all active queries.
2026/02/18 12:55:28 fetch_logic.go:106: Fetch cycle completed.
--- PASS: TestAddQuery_InitializesPage (0.10s)
=== RUN   TestSetNextWallpaper_Stagger
2026/02/18 12:55:28 config_migrations.go:63: Migration: Adding missing Favorites query to configuration.
2026/02/18 12:55:28 config_migrations.go:193: Migration: Pruning stale Favorites query: d3f6168df579adf5
2026/02/18 12:55:28 config_migrations.go:216: Migration: Updating query ID for Wikimedia: 9fc4dfc7bec4bfef -> 171476e9ef61bf61
2026/02/18 12:55:28 config_migrations.go:216: Migration: Updating query ID for MetMuseum: 1af8a9b1bde8746f -> c8c71a3d82e22e53
2026/02/18 12:55:28 config_migrations.go:216: Migration: Updating query ID for ArtInstituteChicago: cc828506342aa6ce -> be97336e378051fc
2026/02/18 12:55:28 config_migrations.go:216: Migration: Updating query ID for Wallhaven: c8f866a2289a51fc -> 8fe4b61069a9d4da
2026/02/18 12:55:28 config_migrations.go:216: Migration: Updating query ID for Wallhaven: 66390310e09f0e61 -> 0547686c1bfe3157
2026/02/18 12:55:28 wallpaper.go:444: [DEBUG] SetNextWallpaper called for monitor -1 (Force immediate: false)
2026/02/18 12:55:28 wallpaper.go:476: [Stagger] Scheduling AUTOMATIC monitor 1 update in 15m4.916041444s
2026/02/18 12:55:28 wallpaper.go:669: [DEBUG] Dispatching command 0 to monitor 0
2026/02/18 12:55:28 wallpaper.go:685: [DEBUG] Command 0 sent to monitor 0 buffer
2026/02/18 12:55:28 wallpaper.go:444: [DEBUG] SetNextWallpaper called for monitor -1 (Force immediate: false)
2026/02/18 12:55:28 wallpaper.go:485: [Stagger] Executing IMMEDIATE update for monitor 1 (Force: false, StaggerCfg: false)
2026/02/18 12:55:28 wallpaper.go:669: [DEBUG] Dispatching command 0 to monitor 1
2026/02/18 12:55:28 wallpaper.go:685: [DEBUG] Command 0 sent to monitor 1 buffer
2026/02/18 12:55:28 wallpaper.go:669: [DEBUG] Dispatching command 0 to monitor 0
2026/02/18 12:55:28 wallpaper.go:685: [DEBUG] Command 0 sent to monitor 0 buffer
--- PASS: TestSetNextWallpaper_Stagger (0.00s)
=== RUN   TestWindowsGetMonitors_Integration
    windows_test.go:23: Detected Monitor: ID=0, Name=, Rect=(0,0)-(3440,1440)
    windows_test.go:23: Detected Monitor: ID=1, Name=, Rect=(-1600,0)-(0,2560)
--- PASS: TestWindowsGetMonitors_Integration (0.02s)
=== RUN   TestWindowsSetWallpaper_InvalidID
--- PASS: TestWindowsSetWallpaper_InvalidID (0.01s)
=== RUN   TestValidationRegexes
=== RUN   TestValidationRegexes/Wallhaven_URL_-_Valid_Search
=== RUN   TestValidationRegexes/Wallhaven_URL_-_Invalid
=== RUN   TestValidationRegexes/Unsplash_URL_-_Valid_Collections
=== RUN   TestValidationRegexes/Unsplash_URL_-_Invalid_Single_Photo
=== RUN   TestValidationRegexes/Pexels_URL_-_Valid_Search
=== RUN   TestValidationRegexes/Pexels_URL_-_Valid_Collections
=== RUN   TestValidationRegexes/Pexels_URL_-_Invalid
=== RUN   TestValidationRegexes/Pexels_API_Key_-_Valid
=== RUN   TestValidationRegexes/Pexels_API_Key_-_Invalid
=== RUN   TestValidationRegexes/Wallhaven_API_Key_-_Valid
=== RUN   TestValidationRegexes/Wallhaven_API_Key_-_Invalid
--- PASS: TestValidationRegexes (0.00s)
    --- PASS: TestValidationRegexes/Wallhaven_URL_-_Valid_Search (0.00s)
    --- PASS: TestValidationRegexes/Wallhaven_URL_-_Invalid (0.00s)
    --- PASS: TestValidationRegexes/Unsplash_URL_-_Valid_Collections (0.00s)
    --- PASS: TestValidationRegexes/Unsplash_URL_-_Invalid_Single_Photo (0.00s)
    --- PASS: TestValidationRegexes/Pexels_URL_-_Valid_Search (0.00s)
    --- PASS: TestValidationRegexes/Pexels_URL_-_Valid_Collections (0.00s)
    --- PASS: TestValidationRegexes/Pexels_URL_-_Invalid (0.00s)
    --- PASS: TestValidationRegexes/Pexels_API_Key_-_Valid (0.00s)
    --- PASS: TestValidationRegexes/Pexels_API_Key_-_Invalid (0.00s)
    --- PASS: TestValidationRegexes/Wallhaven_API_Key_-_Valid (0.00s)
    --- PASS: TestValidationRegexes/Wallhaven_API_Key_-_Invalid (0.00s)
FAIL
FAIL	github.com/dixieflatline76/Spice/pkg/wallpaper	90.716s
FAIL
